Archive member included to satisfy reference by file (symbol)

c:/program files (x86)/atollic/truestudio for stm32 9.3.0/armtools/bin/../lib/gcc/arm-atollic-eabi/6.3.1/../../../../arm-atollic-eabi/lib/armv7-m\libc.a(lib_a-init.o)
                              src\startup_stm32l152xc.o (__libc_init_array)
c:/program files (x86)/atollic/truestudio for stm32 9.3.0/armtools/bin/../lib/gcc/arm-atollic-eabi/6.3.1/../../../../arm-atollic-eabi/lib/armv7-m\libc.a(lib_a-memcpy-stub.o)
                              FreeRTOS\queue.o (memcpy)
c:/program files (x86)/atollic/truestudio for stm32 9.3.0/armtools/bin/../lib/gcc/arm-atollic-eabi/6.3.1/../../../../arm-atollic-eabi/lib/armv7-m\libc.a(lib_a-memset.o)
                              Drivers\BSP\stm32l152c_discovery_glass_lcd.o (memset)
c:/program files (x86)/atollic/truestudio for stm32 9.3.0/armtools/bin/../lib/gcc/arm-atollic-eabi/6.3.1/../../../../arm-atollic-eabi/lib/armv7-m\libc.a(lib_a-reent.o)
                              src\syscalls.o (errno)
c:/program files (x86)/atollic/truestudio for stm32 9.3.0/armtools/bin/../lib/gcc/arm-atollic-eabi/6.3.1/../../../../arm-atollic-eabi/lib/armv7-m\libc.a(lib_a-strlen.o)
                              src\tiny_printf.o (strlen)
c:/program files (x86)/atollic/truestudio for stm32 9.3.0/armtools/bin/../lib/gcc/arm-atollic-eabi/6.3.1/../../../../arm-atollic-eabi/lib/armv7-m\libc.a(lib_a-freer.o)
                              c:/program files (x86)/atollic/truestudio for stm32 9.3.0/armtools/bin/../lib/gcc/arm-atollic-eabi/6.3.1/../../../../arm-atollic-eabi/lib/armv7-m\libc.a(lib_a-reent.o) (_free_r)
c:/program files (x86)/atollic/truestudio for stm32 9.3.0/armtools/bin/../lib/gcc/arm-atollic-eabi/6.3.1/../../../../arm-atollic-eabi/lib/armv7-m\libc.a(lib_a-impure.o)
                              c:/program files (x86)/atollic/truestudio for stm32 9.3.0/armtools/bin/../lib/gcc/arm-atollic-eabi/6.3.1/../../../../arm-atollic-eabi/lib/armv7-m\libc.a(lib_a-reent.o) (_impure_ptr)
c:/program files (x86)/atollic/truestudio for stm32 9.3.0/armtools/bin/../lib/gcc/arm-atollic-eabi/6.3.1/../../../../arm-atollic-eabi/lib/armv7-m\libc.a(lib_a-mallocr.o)
                              c:/program files (x86)/atollic/truestudio for stm32 9.3.0/armtools/bin/../lib/gcc/arm-atollic-eabi/6.3.1/../../../../arm-atollic-eabi/lib/armv7-m\libc.a(lib_a-freer.o) (__malloc_current_mallinfo)
c:/program files (x86)/atollic/truestudio for stm32 9.3.0/armtools/bin/../lib/gcc/arm-atollic-eabi/6.3.1/../../../../arm-atollic-eabi/lib/armv7-m\libc.a(lib_a-mlock.o)
                              c:/program files (x86)/atollic/truestudio for stm32 9.3.0/armtools/bin/../lib/gcc/arm-atollic-eabi/6.3.1/../../../../arm-atollic-eabi/lib/armv7-m\libc.a(lib_a-freer.o) (__malloc_lock)
c:/program files (x86)/atollic/truestudio for stm32 9.3.0/armtools/bin/../lib/gcc/arm-atollic-eabi/6.3.1/../../../../arm-atollic-eabi/lib/armv7-m\libc.a(lib_a-sbrkr.o)
                              c:/program files (x86)/atollic/truestudio for stm32 9.3.0/armtools/bin/../lib/gcc/arm-atollic-eabi/6.3.1/../../../../arm-atollic-eabi/lib/armv7-m\libc.a(lib_a-freer.o) (_sbrk_r)
c:/program files (x86)/atollic/truestudio for stm32 9.3.0/armtools/bin/../lib/gcc/arm-atollic-eabi/6.3.1/../../../../arm-atollic-eabi/lib/armv7-m\libc.a(lib_a-lock.o)
                              c:/program files (x86)/atollic/truestudio for stm32 9.3.0/armtools/bin/../lib/gcc/arm-atollic-eabi/6.3.1/../../../../arm-atollic-eabi/lib/armv7-m\libc.a(lib_a-mlock.o) (__retarget_lock_acquire_recursive)

Allocating common symbols
Common symbol       size              file

Digit               0x10              Drivers\BSP\stm32l152c_discovery_glass_lcd.o
__lock___atexit_recursive_mutex
                    0x1               c:/program files (x86)/atollic/truestudio for stm32 9.3.0/armtools/bin/../lib/gcc/arm-atollic-eabi/6.3.1/../../../../arm-atollic-eabi/lib/armv7-m\libc.a(lib_a-lock.o)
__lock___arc4random_mutex
                    0x1               c:/program files (x86)/atollic/truestudio for stm32 9.3.0/armtools/bin/../lib/gcc/arm-atollic-eabi/6.3.1/../../../../arm-atollic-eabi/lib/armv7-m\libc.a(lib_a-lock.o)
errno               0x4               c:/program files (x86)/atollic/truestudio for stm32 9.3.0/armtools/bin/../lib/gcc/arm-atollic-eabi/6.3.1/../../../../arm-atollic-eabi/lib/armv7-m\libc.a(lib_a-reent.o)
uwTick              0x4               Drivers\STM32L1xx_HAL_Driver\Src\stm32l1xx_hal.o
xQueueRegistry      0x40              FreeRTOS\queue.o
pFlash              0x18              Drivers\STM32L1xx_HAL_Driver\Src\stm32l1xx_hal_flash.o
__lock___env_recursive_mutex
                    0x1               c:/program files (x86)/atollic/truestudio for stm32 9.3.0/armtools/bin/../lib/gcc/arm-atollic-eabi/6.3.1/../../../../arm-atollic-eabi/lib/armv7-m\libc.a(lib_a-lock.o)
__lock___sinit_recursive_mutex
[...]
Memory Configuration

Name             Origin             Length             Attributes
FLASH            0x08000000         0x00040000         xr
RAM              0x20000000         0x00008000         xrw
MEMORY_B1        0x60000000         0x00000000         xr
*default*        0x00000000         0xffffffff

Linker script and memory map

LOAD c:/program files (x86)/atollic/truestudio for stm32 9.3.0/armtools/bin/../lib/gcc/arm-atollic-eabi/6.3.1/armv7-m/crti.o
LOAD c:/program files (x86)/atollic/truestudio for stm32 9.3.0/armtools/bin/../lib/gcc/arm-atollic-eabi/6.3.1/armv7-m/crtbegin.o
LOAD Drivers\BSP\stm32l152c_discovery.o
LOAD Drivers\BSP\stm32l152c_discovery_glass_lcd.o
LOAD Drivers\STM32L1xx_HAL_Driver\Src\stm32l1xx_hal.o
LOAD Drivers\STM32L1xx_HAL_Driver\Src\stm32l1xx_hal_adc.o
LOAD Drivers\STM32L1xx_HAL_Driver\Src\stm32l1xx_hal_adc_ex.o
LOAD Drivers\STM32L1xx_HAL_Driver\Src\stm32l1xx_hal_comp.o
LOAD Drivers\STM32L1xx_HAL_Driver\Src\stm32l1xx_hal_cortex.o
LOAD Drivers\STM32L1xx_HAL_Driver\Src\stm32l1xx_hal_crc.o
LOAD Drivers\STM32L1xx_HAL_Driver\Src\stm32l1xx_hal_cryp.o
LOAD Drivers\STM32L1xx_HAL_Driver\Src\stm32l1xx_hal_cryp_ex.o
LOAD Drivers\STM32L1xx_HAL_Driver\Src\stm32l1xx_hal_dac.o
LOAD Drivers\STM32L1xx_HAL_Driver\Src\stm32l1xx_hal_dac_ex.o
LOAD Drivers\STM32L1xx_HAL_Driver\Src\stm32l1xx_hal_dma.o
LOAD Drivers\STM32L1xx_HAL_Driver\Src\stm32l1xx_hal_flash.o
LOAD Drivers\STM32L1xx_HAL_Driver\Src\stm32l1xx_hal_flash_ex.o
LOAD Drivers\STM32L1xx_HAL_Driver\Src\stm32l1xx_hal_flash_ramfunc.o
LOAD Drivers\STM32L1xx_HAL_Driver\Src\stm32l1xx_hal_gpio.o
LOAD Drivers\STM32L1xx_HAL_Driver\Src\stm32l1xx_hal_i2c.o
LOAD Drivers\STM32L1xx_HAL_Driver\Src\stm32l1xx_hal_i2s.o
LOAD Drivers\STM32L1xx_HAL_Driver\Src\stm32l1xx_hal_irda.o
LOAD Drivers\STM32L1xx_HAL_Driver\Src\stm32l1xx_hal_iwdg.o
LOAD Drivers\STM32L1xx_HAL_Driver\Src\stm32l1xx_hal_lcd.o
LOAD Drivers\STM32L1xx_HAL_Driver\Src\stm32l1xx_hal_msp_template.o
LOAD Drivers\STM32L1xx_HAL_Driver\Src\stm32l1xx_hal_nor.o
LOAD Drivers\STM32L1xx_HAL_Driver\Src\stm32l1xx_hal_opamp.o
LOAD Drivers\STM32L1xx_HAL_Driver\Src\stm32l1xx_hal_opamp_ex.o
LOAD Drivers\STM32L1xx_HAL_Driver\Src\stm32l1xx_hal_pcd.o
LOAD Drivers\STM32L1xx_HAL_Driver\Src\stm32l1xx_hal_pcd_ex.o
LOAD Drivers\STM32L1xx_HAL_Driver\Src\stm32l1xx_hal_pwr.o
LOAD Drivers\STM32L1xx_HAL_Driver\Src\stm32l1xx_hal_pwr_ex.o
LOAD Drivers\STM32L1xx_HAL_Driver\Src\stm32l1xx_hal_rcc.o
LOAD Drivers\STM32L1xx_HAL_Driver\Src\stm32l1xx_hal_rcc_ex.o
LOAD Drivers\STM32L1xx_HAL_Driver\Src\stm32l1xx_hal_rtc.o
LOAD Drivers\STM32L1xx_HAL_Driver\Src\stm32l1xx_hal_rtc_ex.o
LOAD Drivers\STM32L1xx_HAL_Driver\Src\stm32l1xx_hal_sd.o
LOAD Drivers\STM32L1xx_HAL_Driver\Src\stm32l1xx_hal_smartcard.o
LOAD Drivers\STM32L1xx_HAL_Driver\Src\stm32l1xx_hal_spi.o
LOAD Drivers\STM32L1xx_HAL_Driver\Src\stm32l1xx_hal_sram.o
LOAD Drivers\STM32L1xx_HAL_Driver\Src\stm32l1xx_hal_tim.o
LOAD Drivers\STM32L1xx_HAL_Driver\Src\stm32l1xx_hal_tim_ex.o
LOAD Drivers\STM32L1xx_HAL_Driver\Src\stm32l1xx_hal_timebase_tim_template.o
LOAD Drivers\STM32L1xx_HAL_Driver\Src\stm32l1xx_hal_uart.o
LOAD Drivers\STM32L1xx_HAL_Driver\Src\stm32l1xx_hal_usart.o
LOAD Drivers\STM32L1xx_HAL_Driver\Src\stm32l1xx_hal_wwdg.o
LOAD Drivers\STM32L1xx_HAL_Driver\Src\stm32l1xx_ll_adc.o
LOAD Drivers\STM32L1xx_HAL_Driver\Src\stm32l1xx_ll_comp.o
LOAD Drivers\STM32L1xx_HAL_Driver\Src\stm32l1xx_ll_crc.o
LOAD Drivers\STM32L1xx_HAL_Driver\Src\stm32l1xx_ll_dac.o
LOAD Drivers\STM32L1xx_HAL_Driver\Src\stm32l1xx_ll_dma.o
LOAD Drivers\STM32L1xx_HAL_Driver\Src\stm32l1xx_ll_exti.o
LOAD Drivers\STM32L1xx_HAL_Driver\Src\stm32l1xx_ll_fsmc.o
LOAD Drivers\STM32L1xx_HAL_Driver\Src\stm32l1xx_ll_gpio.o
LOAD Drivers\STM32L1xx_HAL_Driver\Src\stm32l1xx_ll_i2c.o
LOAD Drivers\STM32L1xx_HAL_Driver\Src\stm32l1xx_ll_opamp.o
LOAD Drivers\STM32L1xx_HAL_Driver\Src\stm32l1xx_ll_pwr.o
LOAD Drivers\STM32L1xx_HAL_Driver\Src\stm32l1xx_ll_rcc.o
LOAD Drivers\STM32L1xx_HAL_Driver\Src\stm32l1xx_ll_rtc.o
LOAD Drivers\STM32L1xx_HAL_Driver\Src\stm32l1xx_ll_sdmmc.o
LOAD Drivers\STM32L1xx_HAL_Driver\Src\stm32l1xx_ll_spi.o
LOAD Drivers\STM32L1xx_HAL_Driver\Src\stm32l1xx_ll_tim.o
LOAD Drivers\STM32L1xx_HAL_Driver\Src\stm32l1xx_ll_usart.o
LOAD Drivers\STM32L1xx_HAL_Driver\Src\stm32l1xx_ll_usb.o
LOAD Drivers\STM32L1xx_HAL_Driver\Src\stm32l1xx_ll_utils.o
LOAD FreeRTOS\croutine.o
LOAD FreeRTOS\event_groups.o
LOAD FreeRTOS\list.o
LOAD FreeRTOS\portable\GCC\ARM_CM3\port.o
LOAD FreeRTOS\portable\MemMang\heap_1.o
LOAD FreeRTOS\queue.o
LOAD FreeRTOS\stream_buffer.o
LOAD FreeRTOS\tasks.o
LOAD FreeRTOS\timers.o
LOAD src\cmsis_os.o
LOAD src\main.o
LOAD src\startup_stm32l152xc.o
LOAD src\stm32l1xx_it.o
LOAD src\syscalls.o
LOAD src\system_stm32l1xx.o
LOAD src\tiny_printf.o
                0x00000080                malloc_getpagesize_P = 0x80
START GROUP
LOAD c:/program files (x86)/atollic/truestudio for stm32 9.3.0/armtools/bin/../lib/gcc/arm-atollic-eabi/6.3.1/../../../../arm-atollic-eabi/lib/armv7-m\libc.a
LOAD c:/program files (x86)/atollic/truestudio for stm32 9.3.0/armtools/bin/../lib/gcc/arm-atollic-eabi/6.3.1/../../../../arm-atollic-eabi/lib/armv7-m\libm.a
END GROUP
START GROUP
LOAD c:/program files (x86)/atollic/truestudio for stm32 9.3.0/armtools/bin/../lib/gcc/arm-atollic-eabi/6.3.1/armv7-m\libgcc.a
LOAD c:/program files (x86)/atollic/truestudio for stm32 9.3.0/armtools/bin/../lib/gcc/arm-atollic-eabi/6.3.1/../../../../arm-atollic-eabi/lib/armv7-m\libc.a
END GROUP
START GROUP
LOAD c:/program files (x86)/atollic/truestudio for stm32 9.3.0/armtools/bin/../lib/gcc/arm-atollic-eabi/6.3.1/armv7-m\libgcc.a
LOAD c:/program files (x86)/atollic/truestudio for stm32 9.3.0/armtools/bin/../lib/gcc/arm-atollic-eabi/6.3.1/../../../../arm-atollic-eabi/lib/armv7-m\libc.a
LOAD c:/program files (x86)/atollic/truestudio for stm32 9.3.0/armtools/bin/../lib/gcc/arm-atollic-eabi/6.3.1/../../../../arm-atollic-eabi/lib/armv7-m\libnosys.a
END GROUP
LOAD c:/program files (x86)/atollic/truestudio for stm32 9.3.0/armtools/bin/../lib/gcc/arm-atollic-eabi/6.3.1/armv7-m/crtend.o
LOAD c:/program files (x86)/atollic/truestudio for stm32 9.3.0/armtools/bin/../lib/gcc/arm-atollic-eabi/6.3.1/armv7-m/crtn.o
                0x20008000                _estack = 0x20008000
                0x00000000                _Min_Heap_Size = 0x0
                0x00000100                _Min_Stack_Size = 0x100

.isr_vector     0x08000000      0x13c
                0x08000000                . = ALIGN (0x4)
 *(.isr_vector)
 .isr_vector    0x08000000      0x13c src\startup_stm32l152xc.o
                0x08000000                g_pfnVectors
                0x0800013c                . = ALIGN (0x4)

.text           0x08000140     0x2d28
                0x08000140                . = ALIGN (0x4)
 *(.text)
 .text          0x08000140       0x40 c:/program files (x86)/atollic/truestudio for stm32 9.3.0/armtools/bin/../lib/gcc/arm-atollic-eabi/6.3.1/armv7-m/crtbegin.o
 *(.text*)
 .text.BSP_LED_Init
                0x08000180       0xa8 Drivers\BSP\stm32l152c_discovery.o
                0x08000180                BSP_LED_Init
 .text.BSP_LED_Off
                0x08000228       0x34 Drivers\BSP\stm32l152c_discovery.o
                0x08000228                BSP_LED_Off
 .text.BSP_LED_Toggle
                0x0800025c       0x30 Drivers\BSP\stm32l152c_discovery.o
                0x0800025c                BSP_LED_Toggle
 .text.HAL_Init
                0x0800028c       0x4c Drivers\STM32L1xx_HAL_Driver\Src\stm32l1xx_hal.o
                0x0800028c                HAL_Init
 .text.HAL_IncTick
                0x080002d8       0x24 Drivers\STM32L1xx_HAL_Driver\Src\stm32l1xx_hal.o
                0x080002d8                HAL_IncTick
 .text.HAL_GetTick
                0x080002fc       0x14 Drivers\STM32L1xx_HAL_Driver\Src\stm32l1xx_hal.o
                0x080002fc                HAL_GetTick
 .text.NVIC_SetPriorityGrouping
                0x08000310       0x48 Drivers\STM32L1xx_HAL_Driver\Src\stm32l1xx_hal_cortex.o
 .text.NVIC_GetPriorityGrouping
                0x08000358       0x1c Drivers\STM32L1xx_HAL_Driver\Src\stm32l1xx_hal_cortex.o
 .text.NVIC_EnableIRQ
                0x08000374       0x30 Drivers\STM32L1xx_HAL_Driver\Src\stm32l1xx_hal_cortex.o
 .text.NVIC_SetPriority
                0x080003a4       0x54 Drivers\STM32L1xx_HAL_Driver\Src\stm32l1xx_hal_cortex.o
 .text.NVIC_EncodePriority
                0x080003f8       0x60 Drivers\STM32L1xx_HAL_Driver\Src\stm32l1xx_hal_cortex.o
 .text.HAL_NVIC_SetPriorityGrouping
                0x08000458       0x16 Drivers\STM32L1xx_HAL_Driver\Src\stm32l1xx_hal_cortex.o
                0x08000458                HAL_NVIC_SetPriorityGrouping
 .text.HAL_NVIC_SetPriority
                0x0800046e       0x38 Drivers\STM32L1xx_HAL_Driver\Src\stm32l1xx_hal_cortex.o
                0x0800046e                HAL_NVIC_SetPriority
 .text.HAL_NVIC_EnableIRQ
                0x080004a6       0x1c Drivers\STM32L1xx_HAL_Driver\Src\stm32l1xx_hal_cortex.o
                0x080004a6                HAL_NVIC_EnableIRQ
 *fill*         0x080004c2        0x2 
 .text.HAL_GPIO_Init
                0x080004c4      0x2fc Drivers\STM32L1xx_HAL_Driver\Src\stm32l1xx_hal_gpio.o
                0x080004c4                HAL_GPIO_Init
 .text.HAL_GPIO_WritePin
                0x080007c0       0x30 Drivers\STM32L1xx_HAL_Driver\Src\stm32l1xx_hal_gpio.o
                0x080007c0                HAL_GPIO_WritePin
 .text.HAL_GPIO_TogglePin
                0x080007f0       0x32 Drivers\STM32L1xx_HAL_Driver\Src\stm32l1xx_hal_gpio.o
                0x080007f0                HAL_GPIO_TogglePin
 .text.HAL_MspInit
                0x08000822        0xc Drivers\STM32L1xx_HAL_Driver\Src\stm32l1xx_hal_msp_template.o
                0x08000822                HAL_MspInit
 *fill*         0x0800082e        0x2 
 .text.HAL_RCC_OscConfig
                0x08000830      0x660 Drivers\STM32L1xx_HAL_Driver\Src\stm32l1xx_hal_rcc.o
                0x08000830                HAL_RCC_OscConfig
 .text.HAL_RCC_ClockConfig
                0x08000e90      0x268 Drivers\STM32L1xx_HAL_Driver\Src\stm32l1xx_hal_rcc.o
                0x08000e90                HAL_RCC_ClockConfig
 .text.HAL_RCC_GetSysClockFreq
                0x080010f8       0xb0 Drivers\STM32L1xx_HAL_Driver\Src\stm32l1xx_hal_rcc.o
                0x080010f8                HAL_RCC_GetSysClockFreq
 .text.HAL_RCC_GetHCLKFreq
                0x080011a8       0x14 Drivers\STM32L1xx_HAL_Driver\Src\stm32l1xx_hal_rcc.o
                0x080011a8                HAL_RCC_GetHCLKFreq
 .text.HAL_RCC_GetPCLK1Freq
                0x080011bc       0x28 Drivers\STM32L1xx_HAL_Driver\Src\stm32l1xx_hal_rcc.o
                0x080011bc                HAL_RCC_GetPCLK1Freq
 .text.HAL_RCC_GetClockConfig
                0x080011e4       0x60 Drivers\STM32L1xx_HAL_Driver\Src\stm32l1xx_hal_rcc.o
                0x080011e4                HAL_RCC_GetClockConfig
 .text.RCC_SetFlashLatencyFromMSIRange
                0x08001244       0xc0 Drivers\STM32L1xx_HAL_Driver\Src\stm32l1xx_hal_rcc.o
 .text.HAL_TIM_Base_Init
                0x08001304       0x56 Drivers\STM32L1xx_HAL_Driver\Src\stm32l1xx_hal_tim.o
                0x08001304                HAL_TIM_Base_Init
 .text.HAL_TIM_Base_MspInit
                0x0800135a       0x12 Drivers\STM32L1xx_HAL_Driver\Src\stm32l1xx_hal_tim.o
                0x0800135a                HAL_TIM_Base_MspInit
 .text.HAL_TIM_Base_Start_IT
                0x0800136c       0x46 Drivers\STM32L1xx_HAL_Driver\Src\stm32l1xx_hal_tim.o
                0x0800136c                HAL_TIM_Base_Start_IT
 .text.HAL_TIM_IRQHandler
                0x080013b2      0x1b8 Drivers\STM32L1xx_HAL_Driver\Src\stm32l1xx_hal_tim.o
                0x080013b2                HAL_TIM_IRQHandler
 .text.HAL_TIM_OC_DelayElapsedCallback
                0x0800156a       0x12 Drivers\STM32L1xx_HAL_Driver\Src\stm32l1xx_hal_tim.o
                0x0800156a                HAL_TIM_OC_DelayElapsedCallback
 .text.HAL_TIM_IC_CaptureCallback
                0x0800157c       0x12 Drivers\STM32L1xx_HAL_Driver\Src\stm32l1xx_hal_tim.o
                0x0800157c                HAL_TIM_IC_CaptureCallback
 .text.HAL_TIM_PWM_PulseFinishedCallback
                0x0800158e       0x12 Drivers\STM32L1xx_HAL_Driver\Src\stm32l1xx_hal_tim.o
                0x0800158e                HAL_TIM_PWM_PulseFinishedCallback
 .text.HAL_TIM_TriggerCallback
                0x080015a0       0x12 Drivers\STM32L1xx_HAL_Driver\Src\stm32l1xx_hal_tim.o
                0x080015a0                HAL_TIM_TriggerCallback
 *fill*         0x080015b2        0x2 
 .text.TIM_Base_SetConfig
                0x080015b4       0xe0 Drivers\STM32L1xx_HAL_Driver\Src\stm32l1xx_hal_tim.o
 .text.HAL_InitTick
                0x08001694       0xc4 Drivers\STM32L1xx_HAL_Driver\Src\stm32l1xx_hal_timebase_tim_template.o
                0x08001694                HAL_InitTick
 .text.HAL_TIM_PeriodElapsedCallback
                0x08001758       0x14 Drivers\STM32L1xx_HAL_Driver\Src\stm32l1xx_hal_timebase_tim_template.o
                0x08001758                HAL_TIM_PeriodElapsedCallback
 .text.TIM6_IRQHandler
                0x0800176c       0x14 Drivers\STM32L1xx_HAL_Driver\Src\stm32l1xx_hal_timebase_tim_template.o
                0x0800176c                TIM6_IRQHandler
 .text.vListInitialise
                0x08001780       0x3e FreeRTOS\list.o
                0x08001780                vListInitialise
 .text.vListInitialiseItem
                0x080017be       0x18 FreeRTOS\list.o
                0x080017be                vListInitialiseItem
 .text.vListInsertEnd
                0x080017d6       0x46 FreeRTOS\list.o
                0x080017d6                vListInsertEnd
 .text.vListInsert
                0x0800181c       0x70 FreeRTOS\list.o
                0x0800181c                vListInsert
 .text.uxListRemove
                0x0800188c       0x52 FreeRTOS\list.o
                0x0800188c                uxListRemove
 *fill*         0x080018de        0x2 
 .text.pxPortInitialiseStack
                0x080018e0       0x58 FreeRTOS\portable\GCC\ARM_CM3\port.o
                0x080018e0                pxPortInitialiseStack
 .text.prvTaskExitError
                0x08001938       0x50 FreeRTOS\portable\GCC\ARM_CM3\port.o
 *fill*         0x08001988        0x8 
 .text.SVC_Handler
                0x08001990       0x28 FreeRTOS\portable\GCC\ARM_CM3\port.o
                0x08001990                SVC_Handler
 .text.prvPortStartFirstTask
                0x080019b8       0x20 FreeRTOS\portable\GCC\ARM_CM3\port.o
 .text.xPortStartScheduler
                0x080019d8       0xe0 FreeRTOS\portable\GCC\ARM_CM3\port.o
                0x080019d8                xPortStartScheduler
 .text.vPortEnterCritical
                0x08001ab8       0x5c FreeRTOS\portable\GCC\ARM_CM3\port.o
                0x08001ab8                vPortEnterCritical
 .text.vPortExitCritical
                0x08001b14       0x4c FreeRTOS\portable\GCC\ARM_CM3\port.o
                0x08001b14                vPortExitCritical
 .text.PendSV_Handler
                0x08001b60       0x48 FreeRTOS\portable\GCC\ARM_CM3\port.o
                0x08001b60                PendSV_Handler
 .text.SysTick_Handler
                0x08001ba8       0x40 FreeRTOS\portable\GCC\ARM_CM3\port.o
                0x08001ba8                SysTick_Handler
 .text.vPortSetupTimerInterrupt
                0x08001be8       0x44 FreeRTOS\portable\GCC\ARM_CM3\port.o
                0x08001be8                vPortSetupTimerInterrupt
 .text.vPortValidateInterruptPriority
                0x08001c2c       0x78 FreeRTOS\portable\GCC\ARM_CM3\port.o
                0x08001c2c                vPortValidateInterruptPriority
 .text.pvPortMalloc
                0x08001ca4       0x88 FreeRTOS\portable\MemMang\heap_1.o
                0x08001ca4                pvPortMalloc
 .text.vPortFree
                0x08001d2c       0x2c FreeRTOS\portable\MemMang\heap_1.o
                0x08001d2c                vPortFree
 .text.xTaskCreate
                0x08001d58       0x82 FreeRTOS\tasks.o
                0x08001d58                xTaskCreate
 .text.prvInitialiseNewTask
                0x08001dda      0x11c FreeRTOS\tasks.o
 *fill*         0x08001ef6        0x2 
 .text.prvAddNewTaskToReadyList
                0x08001ef8       0xdc FreeRTOS\tasks.o
 .text.vTaskDelay
                0x08001fd4       0x68 FreeRTOS\tasks.o
                0x08001fd4                vTaskDelay
 .text.vTaskSuspend
                0x0800203c      0x124 FreeRTOS\tasks.o
                0x0800203c                vTaskSuspend
 .text.prvTaskIsTaskSuspended
                0x08002160       0x60 FreeRTOS\tasks.o
 .text.vTaskResume
                0x080021c0       0xb8 FreeRTOS\tasks.o
                0x080021c0                vTaskResume
 .text.xTaskResumeFromISR
                0x08002278       0xe0 FreeRTOS\tasks.o
                0x08002278                xTaskResumeFromISR
 .text.vTaskStartScheduler
                0x08002358       0x8c FreeRTOS\tasks.o
                0x08002358                vTaskStartScheduler
 .text.vTaskSuspendAll
                0x080023e4       0x1c FreeRTOS\tasks.o
                0x080023e4                vTaskSuspendAll
 .text.xTaskResumeAll
                0x08002400      0x138 FreeRTOS\tasks.o
                0x08002400                xTaskResumeAll
 .text.xTaskGetTickCount
                0x08002538       0x1c FreeRTOS\tasks.o
                0x08002538                xTaskGetTickCount
 .text.xTaskGetTickCountFromISR
                0x08002554       0x24 FreeRTOS\tasks.o
                0x08002554                xTaskGetTickCountFromISR
 .text.xTaskIncrementTick
                0x08002578      0x170 FreeRTOS\tasks.o
                0x08002578                xTaskIncrementTick
 .text.vTaskSwitchContext
                0x080026e8       0xb4 FreeRTOS\tasks.o
                0x080026e8                vTaskSwitchContext
 .text.prvIdleTask
                0x0800279c       0x30 FreeRTOS\tasks.o
 .text.prvInitialiseTaskLists
                0x080027cc       0x80 FreeRTOS\tasks.o
 .text.prvCheckTasksWaitingTermination
                0x0800284c       0x58 FreeRTOS\tasks.o
 .text.prvDeleteTCB
                0x080028a4       0x20 FreeRTOS\tasks.o
 .text.prvResetNextTaskUnblockTime
                0x080028c4       0x40 FreeRTOS\tasks.o
 .text.prvAddCurrentTaskToDelayedList
                0x08002904       0xcc FreeRTOS\tasks.o
 .text.makeFreeRtosPriority
                0x080029d0       0x2e src\cmsis_os.o
 .text.inHandlerMode
                0x080029fe       0x22 src\cmsis_os.o
 .text.osKernelStart
                0x08002a20        0xe src\cmsis_os.o
                0x08002a20                osKernelStart
 .text.osKernelSysTick
                0x08002a2e       0x20 src\cmsis_os.o
                0x08002a2e                osKernelSysTick
 .text.osThreadCreate
                0x08002a4e       0x4e src\cmsis_os.o
                0x08002a4e                osThreadCreate
 .text.osDelay  0x08002a9c       0x28 src\cmsis_os.o
                0x08002a9c                osDelay
 .text.osThreadSuspend
                0x08002ac4       0x18 src\cmsis_os.o
                0x08002ac4                osThreadSuspend
 .text.osThreadResume
                0x08002adc       0x44 src\cmsis_os.o
                0x08002adc                osThreadResume
 .text.main     0x08002b20       0x70 src\main.o
                0x08002b20                main
 .text.LED_Thread1
                0x08002b90       0x74 src\main.o
 .text.LED_Thread2
                0x08002c04       0x4c src\main.o
 .text.SystemClock_Config
                0x08002c50       0xc4 src\main.o
                0x08002c50                SystemClock_Config
 .text.Reset_Handler
                0x08002d14       0x48 src\startup_stm32l152xc.o
                0x08002d14                Reset_Handler
 .text.Default_Handler
                0x08002d5c        0x2 src\startup_stm32l152xc.o
                0x08002d5c                RTC_Alarm_IRQHandler
                0x08002d5c                EXTI2_IRQHandler
                0x08002d5c                COMP_ACQ_IRQHandler
                0x08002d5c                TIM10_IRQHandler
                0x08002d5c                USB_HP_IRQHandler
                0x08002d5c                PVD_IRQHandler
                0x08002d5c                EXTI3_IRQHandler
                0x08002d5c                EXTI0_IRQHandler
                0x08002d5c                I2C2_EV_IRQHandler
                0x08002d5c                SPI1_IRQHandler
                0x08002d5c                USB_FS_WKUP_IRQHandler
                0x08002d5c                DMA2_Channel2_IRQHandler
                0x08002d5c                DMA1_Channel4_IRQHandler
                0x08002d5c                ADC1_IRQHandler
                0x08002d5c                USART3_IRQHandler
                0x08002d5c                DMA1_Channel7_IRQHandler
                0x08002d5c                LCD_IRQHandler
                0x08002d5c                TIM4_IRQHandler
                0x08002d5c                DMA2_Channel1_IRQHandler
                0x08002d5c                I2C1_EV_IRQHandler
                0x08002d5c                DMA1_Channel6_IRQHandler
                0x08002d5c                DMA2_Channel4_IRQHandler
                0x08002d5c                TIM3_IRQHandler
                0x08002d5c                RCC_IRQHandler
                0x08002d5c                DMA1_Channel1_IRQHandler
                0x08002d5c                Default_Handler
                0x08002d5c                EXTI15_10_IRQHandler
                0x08002d5c                TIM7_IRQHandler
                0x08002d5c                TIM5_IRQHandler
                0x08002d5c                EXTI9_5_IRQHandler
                0x08002d5c                TIM9_IRQHandler
                0x08002d5c                TAMPER_STAMP_IRQHandler
                0x08002d5c                RTC_WKUP_IRQHandler
                0x08002d5c                SPI2_IRQHandler
                0x08002d5c                DMA2_Channel5_IRQHandler
                0x08002d5c                DMA1_Channel5_IRQHandler
                0x08002d5c                USB_LP_IRQHandler
                0x08002d5c                EXTI4_IRQHandler
                0x08002d5c                DMA1_Channel3_IRQHandler
                0x08002d5c                COMP_IRQHandler
                0x08002d5c                WWDG_IRQHandler
                0x08002d5c                TIM2_IRQHandler
                0x08002d5c                DAC_IRQHandler
                0x08002d5c                EXTI1_IRQHandler
                0x08002d5c                TIM11_IRQHandler
                0x08002d5c                USART2_IRQHandler
                0x08002d5c                I2C2_ER_IRQHandler
                0x08002d5c                DMA1_Channel2_IRQHandler
                0x08002d5c                FLASH_IRQHandler
                0x08002d5c                USART1_IRQHandler
                0x08002d5c                SPI3_IRQHandler
                0x08002d5c                I2C1_ER_IRQHandler
                0x08002d5c                DMA2_Channel3_IRQHandler
 .text.NMI_Handler
                0x08002d5e        0xc src\stm32l1xx_it.o
                0x08002d5e                NMI_Handler
 .text.HardFault_Handler
                0x08002d6a        0x6 src\stm32l1xx_it.o
                0x08002d6a                HardFault_Handler
 .text.MemManage_Handler
                0x08002d70        0x6 src\stm32l1xx_it.o
                0x08002d70                MemManage_Handler
 .text.BusFault_Handler
                0x08002d76        0x6 src\stm32l1xx_it.o
                0x08002d76                BusFault_Handler
 .text.UsageFault_Handler
                0x08002d7c        0x6 src\stm32l1xx_it.o
                0x08002d7c                UsageFault_Handler
 .text.DebugMon_Handler
                0x08002d82        0xc src\stm32l1xx_it.o
                0x08002d82                DebugMon_Handler
 *fill*         0x08002d8e        0x2 
 .text.SystemInit
                0x08002d90       0x68 src\system_stm32l1xx.o
                0x08002d90                SystemInit
 .text.__libc_init_array
                0x08002df8       0x48 c:/program files (x86)/atollic/truestudio for stm32 9.3.0/armtools/bin/../lib/gcc/arm-atollic-eabi/6.3.1/../../../../arm-atollic-eabi/lib/armv7-m\libc.a(lib_a-init.o)
                0x08002df8                __libc_init_array
 .text.memset   0x08002e40       0x10 c:/program files (x86)/atollic/truestudio for stm32 9.3.0/armtools/bin/../lib/gcc/arm-atollic-eabi/6.3.1/../../../../arm-atollic-eabi/lib/armv7-m\libc.a(lib_a-memset.o)
                0x08002e40                memset
 *(.glue_7)
 .glue_7        0x08002e50        0x0 linker stubs
 *(.glue_7t)
 .glue_7t       0x08002e50        0x0 linker stubs
 *(.eh_frame)
 .eh_frame      0x08002e50        0x0 c:/program files (x86)/atollic/truestudio for stm32 9.3.0/armtools/bin/../lib/gcc/arm-atollic-eabi/6.3.1/armv7-m/crtbegin.o
 *(.init)
 .init          0x08002e50        0x4 c:/program files (x86)/atollic/truestudio for stm32 9.3.0/armtools/bin/../lib/gcc/arm-atollic-eabi/6.3.1/armv7-m/crti.o
                0x08002e50                _init
 .init          0x08002e54        0x8 c:/program files (x86)/atollic/truestudio for stm32 9.3.0/armtools/bin/../lib/gcc/arm-atollic-eabi/6.3.1/armv7-m/crtn.o
 *(.fini)
 .fini          0x08002e5c        0x4 c:/program files (x86)/atollic/truestudio for stm32 9.3.0/armtools/bin/../lib/gcc/arm-atollic-eabi/6.3.1/armv7-m/crti.o
                0x08002e5c                _fini
 .fini          0x08002e60        0x8 c:/program files (x86)/atollic/truestudio for stm32 9.3.0/armtools/bin/../lib/gcc/arm-atollic-eabi/6.3.1/armv7-m/crtn.o
                0x08002e68                . = ALIGN (0x4)
                0x08002e68                _etext = .

.vfp11_veneer   0x08002e68        0x0
 .vfp11_veneer  0x08002e68        0x0 linker stubs

.v4_bx          0x08002e68        0x0
 .v4_bx         0x08002e68        0x0 linker stubs

.iplt           0x08002e68        0x0
 .iplt          0x08002e68        0x0 c:/program files (x86)/atollic/truestudio for stm32 9.3.0/armtools/bin/../lib/gcc/arm-atollic-eabi/6.3.1/armv7-m/crtbegin.o

.rodata         0x08002e68       0x68
                0x08002e68                . = ALIGN (0x4)
 *(.rodata)
 .rodata        0x08002e68        0x5 FreeRTOS\tasks.o
 *fill*         0x08002e6d        0x3 
 .rodata        0x08002e70       0x38 src\main.o
 *(.rodata*)
 .rodata.GPIO_PIN
                0x08002ea8        0x4 Drivers\BSP\stm32l152c_discovery.o
                0x08002ea8                GPIO_PIN
 .rodata.PLLMulTable
                0x08002eac        0x9 src\system_stm32l1xx.o
                0x08002eac                PLLMulTable
 *fill*         0x08002eb5        0x3 
 .rodata.AHBPrescTable
                0x08002eb8       0x10 src\system_stm32l1xx.o
                0x08002eb8                AHBPrescTable
 .rodata.APBPrescTable
                0x08002ec8        0x8 src\system_stm32l1xx.o
                0x08002ec8                APBPrescTable
                0x08002ed0                . = ALIGN (0x4)

.rel.dyn        0x08002ed0        0x0
 .rel.iplt      0x08002ed0        0x0 c:/program files (x86)/atollic/truestudio for stm32 9.3.0/armtools/bin/../lib/gcc/arm-atollic-eabi/6.3.1/armv7-m/crtbegin.o

.ARM.extab
 *(.ARM.extab* .gnu.linkonce.armextab.*)

.ARM            0x08002ed0        0x0
                0x08002ed0                __exidx_start = .
 *(.ARM.exidx*)
                0x08002ed0                __exidx_end = .

.preinit_array  0x08002ed0        0x0
                0x08002ed0                PROVIDE (__preinit_array_start, .)
 *(.preinit_array*)
                0x08002ed0                PROVIDE (__preinit_array_end, .)

.init_array     0x08002ed0        0x4
                0x08002ed0                PROVIDE (__init_array_start, .)
 *(SORT(.init_array.*))
 *(.init_array*)
 .init_array    0x08002ed0        0x4 c:/program files (x86)/atollic/truestudio for stm32 9.3.0/armtools/bin/../lib/gcc/arm-atollic-eabi/6.3.1/armv7-m/crtbegin.o
                0x08002ed4                PROVIDE (__init_array_end, .)

.fini_array     0x08002ed4        0x4
                [!provide]                PROVIDE (__fini_array_start, .)
 *(SORT(.fini_array.*))
 *(.fini_array*)
 .fini_array    0x08002ed4        0x4 c:/program files (x86)/atollic/truestudio for stm32 9.3.0/armtools/bin/../lib/gcc/arm-atollic-eabi/6.3.1/armv7-m/crtbegin.o
                [!provide]                PROVIDE (__fini_array_end, .)
                0x08002ed8                _sidata = LOADADDR (.data)

.data           0x20000000       0x18 load address 0x08002ed8
                0x20000000                . = ALIGN (0x4)
                0x20000000                _sdata = .
 *(.data)
 *(.data*)
 .data.GPIO_PORT
                0x20000000        0x8 Drivers\BSP\stm32l152c_discovery.o
                0x20000000                GPIO_PORT
 .data.uwTickPrio
                0x20000008        0x4 Drivers\STM32L1xx_HAL_Driver\Src\stm32l1xx_hal.o
                0x20000008                uwTickPrio
 .data.uwTickFreq
                0x2000000c        0x4 Drivers\STM32L1xx_HAL_Driver\Src\stm32l1xx_hal.o
                0x2000000c                uwTickFreq
 .data.uxCriticalNesting
                0x20000010        0x4 FreeRTOS\portable\GCC\ARM_CM3\port.o
 .data.SystemCoreClock
                0x20000014        0x4 src\system_stm32l1xx.o
                0x20000014                SystemCoreClock
                0x20000018                . = ALIGN (0x4)
                0x20000018                _edata = .

.igot.plt       0x20000018        0x0 load address 0x08002ef0
 .igot.plt      0x20000018        0x0 c:/program files (x86)/atollic/truestudio for stm32 9.3.0/armtools/bin/../lib/gcc/arm-atollic-eabi/6.3.1/armv7-m/crtbegin.o
                0x20000018                . = ALIGN (0x4)

.bss            0x20000018      0x9a0 load address 0x08002ef0
                0x20000018                _sbss = .
                0x20000018                __bss_start__ = _sbss
 *(.bss)
 .bss           0x20000018       0x1c c:/program files (x86)/atollic/truestudio for stm32 9.3.0/armtools/bin/../lib/gcc/arm-atollic-eabi/6.3.1/armv7-m/crtbegin.o
 *(.bss*)
 .bss.ucMaxSysCallPriority
                0x20000034        0x1 FreeRTOS\portable\GCC\ARM_CM3\port.o
 *fill*         0x20000035        0x3 
 .bss.ulMaxPRIGROUPValue
                0x20000038        0x4 FreeRTOS\portable\GCC\ARM_CM3\port.o
 .bss.ucHeap    0x2000003c      0x800 FreeRTOS\portable\MemMang\heap_1.o
 .bss.xNextFreeByte
                0x2000083c        0x4 FreeRTOS\portable\MemMang\heap_1.o
 .bss.pucAlignedHeap.5142
                0x20000840        0x4 FreeRTOS\portable\MemMang\heap_1.o
 .bss.pxCurrentTCB
                0x20000844        0x4 FreeRTOS\tasks.o
                0x20000844                pxCurrentTCB
 .bss.pxReadyTasksLists
                0x20000848       0x8c FreeRTOS\tasks.o
 .bss.xDelayedTaskList1
                0x200008d4       0x14 FreeRTOS\tasks.o
 .bss.xDelayedTaskList2
                0x200008e8       0x14 FreeRTOS\tasks.o
 .bss.pxDelayedTaskList
                0x200008fc        0x4 FreeRTOS\tasks.o
 .bss.pxOverflowDelayedTaskList
                0x20000900        0x4 FreeRTOS\tasks.o
 .bss.xPendingReadyList
                0x20000904       0x14 FreeRTOS\tasks.o
 .bss.xTasksWaitingTermination
                0x20000918       0x14 FreeRTOS\tasks.o
 .bss.uxDeletedTasksWaitingCleanUp
                0x2000092c        0x4 FreeRTOS\tasks.o
 .bss.xSuspendedTaskList
                0x20000930       0x14 FreeRTOS\tasks.o
 .bss.uxCurrentNumberOfTasks
                0x20000944        0x4 FreeRTOS\tasks.o
 .bss.xTickCount
                0x20000948        0x4 FreeRTOS\tasks.o
 .bss.uxTopReadyPriority
                0x2000094c        0x4 FreeRTOS\tasks.o
 .bss.xSchedulerRunning
                0x20000950        0x4 FreeRTOS\tasks.o
 .bss.uxPendedTicks
                0x20000954        0x4 FreeRTOS\tasks.o
 .bss.xYieldPending
                0x20000958        0x4 FreeRTOS\tasks.o
 .bss.xNumOfOverflows
                0x2000095c        0x4 FreeRTOS\tasks.o
 .bss.uxTaskNumber
                0x20000960        0x4 FreeRTOS\tasks.o
 .bss.xNextTaskUnblockTime
                0x20000964        0x4 FreeRTOS\tasks.o
 .bss.xIdleTaskHandle
                0x20000968        0x4 FreeRTOS\tasks.o
 .bss.uxSchedulerSuspended
                0x2000096c        0x4 FreeRTOS\tasks.o
 *(COMMON)
 COMMON         0x20000970        0x4 Drivers\STM32L1xx_HAL_Driver\Src\stm32l1xx_hal.o
                0x20000970                uwTick
 COMMON         0x20000974       0x3c Drivers\STM32L1xx_HAL_Driver\Src\stm32l1xx_hal_timebase_tim_template.o
                0x20000974                TimHandle
 COMMON         0x200009b0        0x8 src\main.o
                0x200009b0                LEDThread1Handle
                0x200009b4                LEDThread2Handle
                0x200009b8                . = ALIGN (0x4)
                0x200009b8                _ebss = .
                0x200009b8                __bss_end__ = _ebss

._user_heap_stack
                0x200009b8      0x100 load address 0x08002ef0
                0x200009b8                . = ALIGN (0x4)
                0x200009b8                PROVIDE (end, .)
                [!provide]                PROVIDE (_end, .)
                0x200009b8                . = (. + _Min_Heap_Size)
                0x20000ab8                . = (. + _Min_Stack_Size)
 *fill*         0x200009b8      0x100 
                0x20000ab8                . = ALIGN (0x4)

.memory_b1_text
 *(.mb1text)
 *(.mb1text*)
 *(.mb1rodata)
 *(.mb1rodata*)

/DISCARD/
 libc.a(*)
 libm.a(*)
 libgcc.a(*)

.ARM.attributes
                0x00000000       0x29
 *(.ARM.attributes)
 .ARM.attributes
                0x00000000       0x1d c:/program files (x86)/atollic/truestudio for stm32 9.3.0/armtools/bin/../lib/gcc/arm-atollic-eabi/6.3.1/armv7-m/crti.o
 .ARM.attributes
                0x0000001d       0x2d c:/program files (x86)/atollic/truestudio for stm32 9.3.0/armtools/bin/../lib/gcc/arm-atollic-eabi/6.3.1/armv7-m/crtbegin.o
 .ARM.attributes
                0x0000004a       0x33 Drivers\BSP\stm32l152c_discovery.o
 .ARM.attributes
                0x0000007d       0x33 Drivers\STM32L1xx_HAL_Driver\Src\stm32l1xx_hal.o
 .ARM.attributes
                0x000000b0       0x33 Drivers\STM32L1xx_HAL_Driver\Src\stm32l1xx_hal_cortex.o
 .ARM.attributes
                0x000000e3       0x33 Drivers\STM32L1xx_HAL_Driver\Src\stm32l1xx_hal_gpio.o
 .ARM.attributes
                0x00000116       0x33 Drivers\STM32L1xx_HAL_Driver\Src\stm32l1xx_hal_msp_template.o
 .ARM.attributes
                0x00000149       0x33 Drivers\STM32L1xx_HAL_Driver\Src\stm32l1xx_hal_rcc.o
 .ARM.attributes
                0x0000017c       0x33 Drivers\STM32L1xx_HAL_Driver\Src\stm32l1xx_hal_tim.o
 .ARM.attributes
                0x000001af       0x33 Drivers\STM32L1xx_HAL_Driver\Src\stm32l1xx_hal_timebase_tim_template.o
 .ARM.attributes
                0x000001e2       0x33 FreeRTOS\list.o
 .ARM.attributes
                0x00000215       0x33 FreeRTOS\portable\GCC\ARM_CM3\port.o
 .ARM.attributes
                0x00000248       0x33 FreeRTOS\portable\MemMang\heap_1.o
 .ARM.attributes
                0x0000027b       0x33 FreeRTOS\tasks.o
 .ARM.attributes
                0x000002ae       0x33 src\cmsis_os.o
 .ARM.attributes
                0x000002e1       0x33 src\main.o
 .ARM.attributes
                0x00000314       0x21 src\startup_stm32l152xc.o
 .ARM.attributes
                0x00000335       0x33 src\stm32l1xx_it.o
 .ARM.attributes
                0x00000368       0x33 src\system_stm32l1xx.o
 .ARM.attributes
                0x0000039b       0x2d c:/program files (x86)/atollic/truestudio for stm32 9.3.0/armtools/bin/../lib/gcc/arm-atollic-eabi/6.3.1/../../../../arm-atollic-eabi/lib/armv7-m\libc.a(lib_a-init.o)
 .ARM.attributes
                0x000003c8       0x2d c:/program files (x86)/atollic/truestudio for stm32 9.3.0/armtools/bin/../lib/gcc/arm-atollic-eabi/6.3.1/../../../../arm-atollic-eabi/lib/armv7-m\libc.a(lib_a-memset.o)
 .ARM.attributes
                0x000003f5       0x1d c:/program files (x86)/atollic/truestudio for stm32 9.3.0/armtools/bin/../lib/gcc/arm-atollic-eabi/6.3.1/armv7-m/crtn.o
OUTPUT(stm32l152c_disco_customproto.elf elf32-littlearm)

.debug_info     0x00000000     0xc4f1
 .debug_info    0x00000000      0x781 Drivers\BSP\stm32l152c_discovery.o
 .debug_info    0x00000781      0x7cb Drivers\STM32L1xx_HAL_Driver\Src\stm32l1xx_hal.o
 .debug_info    0x00000f4c      0xd72 Drivers\STM32L1xx_HAL_Driver\Src\stm32l1xx_hal_cortex.o
 .debug_info    0x00001cbe      0x69d Drivers\STM32L1xx_HAL_Driver\Src\stm32l1xx_hal_gpio.o
 .debug_info    0x0000235b      0x1aa Drivers\STM32L1xx_HAL_Driver\Src\stm32l1xx_hal_msp_template.o
 .debug_info    0x00002505      0x91f Drivers\STM32L1xx_HAL_Driver\Src\stm32l1xx_hal_rcc.o
 .debug_info    0x00002e24     0x23f8 Drivers\STM32L1xx_HAL_Driver\Src\stm32l1xx_hal_tim.o
 .debug_info    0x0000521c      0x994 Drivers\STM32L1xx_HAL_Driver\Src\stm32l1xx_hal_timebase_tim_template.o
 .debug_info    0x00005bb0      0xae7 FreeRTOS\list.o
 .debug_info    0x00006697      0x4d5 FreeRTOS\portable\GCC\ARM_CM3\port.o
 .debug_info    0x00006b6c      0x9f1 FreeRTOS\portable\MemMang\heap_1.o
 .debug_info    0x0000755d     0x26b5 FreeRTOS\tasks.o
 .debug_info    0x00009c12     0x1c13 src\cmsis_os.o
 .debug_info    0x0000b825      0x600 src\main.o
 .debug_info    0x0000be25       0x9d src\startup_stm32l152xc.o
 .debug_info    0x0000bec2      0x1e4 src\stm32l1xx_it.o
 .debug_info    0x0000c0a6      0x44b src\system_stm32l1xx.o

.debug_abbrev   0x00000000     0x1f09
 .debug_abbrev  0x00000000      0x1a8 Drivers\BSP\stm32l152c_discovery.o
 .debug_abbrev  0x000001a8      0x1eb Drivers\STM32L1xx_HAL_Driver\Src\stm32l1xx_hal.o
 .debug_abbrev  0x00000393      0x2da Drivers\STM32L1xx_HAL_Driver\Src\stm32l1xx_hal_cortex.o
 .debug_abbrev  0x0000066d      0x1c4 Drivers\STM32L1xx_HAL_Driver\Src\stm32l1xx_hal_gpio.o
 .debug_abbrev  0x00000831       0x91 Drivers\STM32L1xx_HAL_Driver\Src\stm32l1xx_hal_msp_template.o
 .debug_abbrev  0x000008c2      0x24f Drivers\STM32L1xx_HAL_Driver\Src\stm32l1xx_hal_rcc.o
 .debug_abbrev  0x00000b11      0x21a Drivers\STM32L1xx_HAL_Driver\Src\stm32l1xx_hal_tim.o
 .debug_abbrev  0x00000d2b      0x1b9 Drivers\STM32L1xx_HAL_Driver\Src\stm32l1xx_hal_timebase_tim_template.o
 .debug_abbrev  0x00000ee4      0x1cc FreeRTOS\list.o
 .debug_abbrev  0x000010b0      0x202 FreeRTOS\portable\GCC\ARM_CM3\port.o
 .debug_abbrev  0x000012b2      0x234 FreeRTOS\portable\MemMang\heap_1.o
 .debug_abbrev  0x000014e6      0x34d FreeRTOS\tasks.o
 .debug_abbrev  0x00001833      0x374 src\cmsis_os.o
 .debug_abbrev  0x00001ba7      0x1b1 src\main.o
 .debug_abbrev  0x00001d58       0x12 src\startup_stm32l152xc.o
 .debug_abbrev  0x00001d6a       0x91 src\stm32l1xx_it.o
 .debug_abbrev  0x00001dfb      0x10e src\system_stm32l1xx.o

.debug_aranges  0x00000000      0xce0
 .debug_aranges
                0x00000000       0x50 Drivers\BSP\stm32l152c_discovery.o
 .debug_aranges
                0x00000050       0xe0 Drivers\STM32L1xx_HAL_Driver\Src\stm32l1xx_hal.o
 .debug_aranges
                0x00000130      0x118 Drivers\STM32L1xx_HAL_Driver\Src\stm32l1xx_hal_cortex.o
 .debug_aranges
                0x00000248       0x58 Drivers\STM32L1xx_HAL_Driver\Src\stm32l1xx_hal_gpio.o
 .debug_aranges
                0x000002a0       0x38 Drivers\STM32L1xx_HAL_Driver\Src\stm32l1xx_hal_msp_template.o
 .debug_aranges
                0x000002d8       0x90 Drivers\STM32L1xx_HAL_Driver\Src\stm32l1xx_hal_rcc.o
 .debug_aranges
                0x00000368      0x3a8 Drivers\STM32L1xx_HAL_Driver\Src\stm32l1xx_hal_tim.o
 .debug_aranges
                0x00000710       0x40 Drivers\STM32L1xx_HAL_Driver\Src\stm32l1xx_hal_timebase_tim_template.o
 .debug_aranges
                0x00000750       0x40 FreeRTOS\list.o
 .debug_aranges
                0x00000790       0x78 FreeRTOS\portable\GCC\ARM_CM3\port.o
 .debug_aranges
                0x00000808       0x38 FreeRTOS\portable\MemMang\heap_1.o
 .debug_aranges
                0x00000840      0x1e0 FreeRTOS\tasks.o
 .debug_aranges
                0x00000a20      0x1e8 src\cmsis_os.o
 .debug_aranges
                0x00000c08       0x38 src\main.o
 .debug_aranges
                0x00000c40       0x28 src\startup_stm32l152xc.o
 .debug_aranges
                0x00000c68       0x50 src\stm32l1xx_it.o
 .debug_aranges
                0x00000cb8       0x28 src\system_stm32l1xx.o

.debug_ranges   0x00000000      0xbd8
 .debug_ranges  0x00000000       0x40 Drivers\BSP\stm32l152c_discovery.o
 .debug_ranges  0x00000040       0xd0 Drivers\STM32L1xx_HAL_Driver\Src\stm32l1xx_hal.o
 .debug_ranges  0x00000110      0x108 Drivers\STM32L1xx_HAL_Driver\Src\stm32l1xx_hal_cortex.o
 .debug_ranges  0x00000218       0x48 Drivers\STM32L1xx_HAL_Driver\Src\stm32l1xx_hal_gpio.o
 .debug_ranges  0x00000260       0x28 Drivers\STM32L1xx_HAL_Driver\Src\stm32l1xx_hal_msp_template.o
 .debug_ranges  0x00000288       0x80 Drivers\STM32L1xx_HAL_Driver\Src\stm32l1xx_hal_rcc.o
 .debug_ranges  0x00000308      0x398 Drivers\STM32L1xx_HAL_Driver\Src\stm32l1xx_hal_tim.o
 .debug_ranges  0x000006a0       0x30 Drivers\STM32L1xx_HAL_Driver\Src\stm32l1xx_hal_timebase_tim_template.o
 .debug_ranges  0x000006d0       0x30 FreeRTOS\list.o
 .debug_ranges  0x00000700       0x68 FreeRTOS\portable\GCC\ARM_CM3\port.o
 .debug_ranges  0x00000768       0x28 FreeRTOS\portable\MemMang\heap_1.o
 .debug_ranges  0x00000790      0x1d0 FreeRTOS\tasks.o
 .debug_ranges  0x00000960      0x1d8 src\cmsis_os.o
 .debug_ranges  0x00000b38       0x28 src\main.o
 .debug_ranges  0x00000b60       0x20 src\startup_stm32l152xc.o
 .debug_ranges  0x00000b80       0x40 src\stm32l1xx_it.o
 .debug_ranges  0x00000bc0       0x18 src\system_stm32l1xx.o

.debug_line     0x00000000     0x5415
 .debug_line    0x00000000      0x2af Drivers\BSP\stm32l152c_discovery.o
 .debug_line    0x000002af      0x3e8 Drivers\STM32L1xx_HAL_Driver\Src\stm32l1xx_hal.o
 .debug_line    0x00000697      0x543 Drivers\STM32L1xx_HAL_Driver\Src\stm32l1xx_hal_cortex.o
 .debug_line    0x00000bda      0x3c4 Drivers\STM32L1xx_HAL_Driver\Src\stm32l1xx_hal_gpio.o
 .debug_line    0x00000f9e      0x229 Drivers\STM32L1xx_HAL_Driver\Src\stm32l1xx_hal_msp_template.o
 .debug_line    0x000011c7      0x54e Drivers\STM32L1xx_HAL_Driver\Src\stm32l1xx_hal_rcc.o
 .debug_line    0x00001715     0x11ad Drivers\STM32L1xx_HAL_Driver\Src\stm32l1xx_hal_tim.o
 .debug_line    0x000028c2      0x2cd Drivers\STM32L1xx_HAL_Driver\Src\stm32l1xx_hal_timebase_tim_template.o
 .debug_line    0x00002b8f      0x304 FreeRTOS\list.o
 .debug_line    0x00002e93      0x356 FreeRTOS\portable\GCC\ARM_CM3\port.o
 .debug_line    0x000031e9      0x2e7 FreeRTOS\portable\MemMang\heap_1.o
 .debug_line    0x000034d0      0xecf FreeRTOS\tasks.o
 .debug_line    0x0000439f      0x8f9 src\cmsis_os.o
 .debug_line    0x00004c98      0x2e5 src\main.o
 .debug_line    0x00004f7d       0x79 src\startup_stm32l152xc.o
 .debug_line    0x00004ff6      0x240 src\stm32l1xx_it.o
 .debug_line    0x00005236      0x1df src\system_stm32l1xx.o

.debug_str      0x00000000     0x43fa
 .debug_str     0x00000000      0x761 Drivers\BSP\stm32l152c_discovery.o
                                0x7c6 (size before relaxing)
 .debug_str     0x00000761      0x2c7 Drivers\STM32L1xx_HAL_Driver\Src\stm32l1xx_hal.o
                                0x8b8 (size before relaxing)
 .debug_str     0x00000a28      0x427 Drivers\STM32L1xx_HAL_Driver\Src\stm32l1xx_hal_cortex.o
                                0xaf8 (size before relaxing)
 .debug_str     0x00000e4f      0x147 Drivers\STM32L1xx_HAL_Driver\Src\stm32l1xx_hal_gpio.o
                                0x4c4 (size before relaxing)
 .debug_str     0x00000f96       0x63 Drivers\STM32L1xx_HAL_Driver\Src\stm32l1xx_hal_msp_template.o
                                0x2b0 (size before relaxing)
 .debug_str     0x00000ff9      0x35d Drivers\STM32L1xx_HAL_Driver\Src\stm32l1xx_hal_rcc.o
                                0x70b (size before relaxing)
 .debug_str     0x00001356     0x115a Drivers\STM32L1xx_HAL_Driver\Src\stm32l1xx_hal_tim.o
                               0x146c (size before relaxing)
 .debug_str     0x000024b0       0x9a Drivers\STM32L1xx_HAL_Driver\Src\stm32l1xx_hal_timebase_tim_template.o
                                0xb25 (size before relaxing)
 .debug_str     0x0000254a      0x52e FreeRTOS\list.o
                                0x731 (size before relaxing)
 .debug_str     0x00002a78      0x254 FreeRTOS\portable\GCC\ARM_CM3\port.o
                                0x44a (size before relaxing)
 .debug_str     0x00002ccc       0xa8 FreeRTOS\portable\MemMang\heap_1.o
                                0x6b8 (size before relaxing)
 .debug_str     0x00002d74      0xcc9 FreeRTOS\tasks.o
                               0x144e (size before relaxing)
 .debug_str     0x00003a3d      0x851 src\cmsis_os.o
                               0x1059 (size before relaxing)
 .debug_str     0x0000428e       0x86 src\main.o
                                0x5ea (size before relaxing)
 .debug_str     0x00004314       0x8a src\stm32l1xx_it.o
                                0x2c2 (size before relaxing)
 .debug_str     0x0000439e       0x5c src\system_stm32l1xx.o
                                0x329 (size before relaxing)

.comment        0x00000000       0x7c
 .comment       0x00000000       0x7c Drivers\BSP\stm32l152c_discovery.o
                                 0x7d (size before relaxing)
 .comment       0x0000007c       0x7d Drivers\STM32L1xx_HAL_Driver\Src\stm32l1xx_hal.o
 .comment       0x0000007c       0x7d Drivers\STM32L1xx_HAL_Driver\Src\stm32l1xx_hal_cortex.o
 .comment       0x0000007c       0x7d Drivers\STM32L1xx_HAL_Driver\Src\stm32l1xx_hal_gpio.o
 .comment       0x0000007c       0x7d Drivers\STM32L1xx_HAL_Driver\Src\stm32l1xx_hal_msp_template.o
 .comment       0x0000007c       0x7d Drivers\STM32L1xx_HAL_Driver\Src\stm32l1xx_hal_rcc.o
 .comment       0x0000007c       0x7d Drivers\STM32L1xx_HAL_Driver\Src\stm32l1xx_hal_tim.o
 .comment       0x0000007c       0x7d Drivers\STM32L1xx_HAL_Driver\Src\stm32l1xx_hal_timebase_tim_template.o
 .comment       0x0000007c       0x7d FreeRTOS\list.o
 .comment       0x0000007c       0x7d FreeRTOS\portable\GCC\ARM_CM3\port.o
 .comment       0x0000007c       0x7d FreeRTOS\portable\MemMang\heap_1.o
 .comment       0x0000007c       0x7d FreeRTOS\tasks.o
 .comment       0x0000007c       0x7d src\cmsis_os.o
 .comment       0x0000007c       0x7d src\main.o
 .comment       0x0000007c       0x7d src\stm32l1xx_it.o
 .comment       0x0000007c       0x7d src\system_stm32l1xx.o

.debug_frame    0x00000000     0x33f4
 .debug_frame   0x00000000      0x108 Drivers\BSP\stm32l152c_discovery.o
 .debug_frame   0x00000108      0x33c Drivers\STM32L1xx_HAL_Driver\Src\stm32l1xx_hal.o
 .debug_frame   0x00000444      0x498 Drivers\STM32L1xx_HAL_Driver\Src\stm32l1xx_hal_cortex.o
 .debug_frame   0x000008dc      0x14c Drivers\STM32L1xx_HAL_Driver\Src\stm32l1xx_hal_gpio.o
 .debug_frame   0x00000a28       0x90 Drivers\STM32L1xx_HAL_Driver\Src\stm32l1xx_hal_msp_template.o
 .debug_frame   0x00000ab8      0x21c Drivers\STM32L1xx_HAL_Driver\Src\stm32l1xx_hal_rcc.o
 .debug_frame   0x00000cd4     0x10e4 Drivers\STM32L1xx_HAL_Driver\Src\stm32l1xx_hal_tim.o
 .debug_frame   0x00001db8       0xb4 Drivers\STM32L1xx_HAL_Driver\Src\stm32l1xx_hal_timebase_tim_template.o
 .debug_frame   0x00001e6c       0xd8 FreeRTOS\list.o
 .debug_frame   0x00001f44      0x198 FreeRTOS\portable\GCC\ARM_CM3\port.o
 .debug_frame   0x000020dc       0x9c FreeRTOS\portable\MemMang\heap_1.o
 .debug_frame   0x00002178      0x830 FreeRTOS\tasks.o
 .debug_frame   0x000029a8      0x840 src\cmsis_os.o
 .debug_frame   0x000031e8       0x98 src\main.o
 .debug_frame   0x00003280       0xd0 src\stm32l1xx_it.o
 .debug_frame   0x00003350       0x58 src\system_stm32l1xx.o
 .debug_frame   0x000033a8       0x2c c:/program files (x86)/atollic/truestudio for stm32 9.3.0/armtools/bin/../lib/gcc/arm-atollic-eabi/6.3.1/../../../../arm-atollic-eabi/lib/armv7-m\libc.a(lib_a-init.o)
 .debug_frame   0x000033d4       0x20 c:/program files (x86)/atollic/truestudio for stm32 9.3.0/armtools/bin/../lib/gcc/arm-atollic-eabi/6.3.1/../../../../arm-atollic-eabi/lib/armv7-m\libc.a(lib_a-memset.o)

Cross Reference Table

Symbol                                            File
ADC1_IRQHandler                                   src\startup_stm32l152xc.o
AHBPrescTable                                     src\system_stm32l1xx.o
                                                  Drivers\STM32L1xx_HAL_Driver\Src\stm32l1xx_ll_utils.o
                                                  Drivers\STM32L1xx_HAL_Driver\Src\stm32l1xx_hal_rcc.o
APBPrescTable                                     src\system_stm32l1xx.o
                                                  Drivers\STM32L1xx_HAL_Driver\Src\stm32l1xx_hal_rcc.o
BSP_GetVersion                                    Drivers\BSP\stm32l152c_discovery.o
BSP_LCD_GLASS_BarLevelConfig                      Drivers\BSP\stm32l152c_discovery_glass_lcd.o
BSP_LCD_GLASS_BlinkConfig                         Drivers\BSP\stm32l152c_discovery_glass_lcd.o
BSP_LCD_GLASS_Clear                               Drivers\BSP\stm32l152c_discovery_glass_lcd.o
BSP_LCD_GLASS_ClearBar                            Drivers\BSP\stm32l152c_discovery_glass_lcd.o
BSP_LCD_GLASS_Contrast                            Drivers\BSP\stm32l152c_discovery_glass_lcd.o
BSP_LCD_GLASS_DeInit                              Drivers\BSP\stm32l152c_discovery_glass_lcd.o
BSP_LCD_GLASS_DisplayBar                          Drivers\BSP\stm32l152c_discovery_glass_lcd.o
BSP_LCD_GLASS_DisplayChar                         Drivers\BSP\stm32l152c_discovery_glass_lcd.o
BSP_LCD_GLASS_DisplayStrDeci                      Drivers\BSP\stm32l152c_discovery_glass_lcd.o
BSP_LCD_GLASS_DisplayString                       Drivers\BSP\stm32l152c_discovery_glass_lcd.o
BSP_LCD_GLASS_Init                                Drivers\BSP\stm32l152c_discovery_glass_lcd.o
BSP_LCD_GLASS_ScrollSentence                      Drivers\BSP\stm32l152c_discovery_glass_lcd.o
BSP_LCD_GLASS_WriteChar                           Drivers\BSP\stm32l152c_discovery_glass_lcd.o
BSP_LED_Init                                      Drivers\BSP\stm32l152c_discovery.o
                                                  src\main.o
BSP_LED_Off                                       Drivers\BSP\stm32l152c_discovery.o
                                                  src\main.o
BSP_LED_On                                        Drivers\BSP\stm32l152c_discovery.o
BSP_LED_Toggle                                    Drivers\BSP\stm32l152c_discovery.o
                                                  src\main.o
BSP_PB_GetState                                   Drivers\BSP\stm32l152c_discovery.o
BSP_PB_Init                                       Drivers\BSP\stm32l152c_discovery.o
BUTTON_IRQn                                       Drivers\BSP\stm32l152c_discovery.o
BUTTON_PIN                                        Drivers\BSP\stm32l152c_discovery.o
BUTTON_PORT                                       Drivers\BSP\stm32l152c_discovery.o
BusFault_Handler                                  src\stm32l1xx_it.o
                                                  src\startup_stm32l152xc.o
COMP_ACQ_IRQHandler                               src\startup_stm32l152xc.o
COMP_IRQHandler                                   src\startup_stm32l152xc.o
CapLetterMap                                      Drivers\BSP\stm32l152c_discovery_glass_lcd.o
DAC_IRQHandler                                    src\startup_stm32l152xc.o
DMA1_Channel1_IRQHandler                          src\startup_stm32l152xc.o
DMA1_Channel2_IRQHandler                          src\startup_stm32l152xc.o
DMA1_Channel3_IRQHandler                          src\startup_stm32l152xc.o
DMA1_Channel4_IRQHandler                          src\startup_stm32l152xc.o
DMA1_Channel5_IRQHandler                          src\startup_stm32l152xc.o
DMA1_Channel6_IRQHandler                          src\startup_stm32l152xc.o
DMA1_Channel7_IRQHandler                          src\startup_stm32l152xc.o
DMA2_Channel1_IRQHandler                          src\startup_stm32l152xc.o
DMA2_Channel2_IRQHandler                          src\startup_stm32l152xc.o
DMA2_Channel3_IRQHandler                          src\startup_stm32l152xc.o
DMA2_Channel4_IRQHandler                          src\startup_stm32l152xc.o
DMA2_Channel5_IRQHandler                          src\startup_stm32l152xc.o
DebugMon_Handler                                  src\stm32l1xx_it.o
                                                  src\startup_stm32l152xc.o
Default_Handler                                   src\startup_stm32l152xc.o
Digit                                             Drivers\BSP\stm32l152c_discovery_glass_lcd.o
EXTI0_IRQHandler                                  src\startup_stm32l152xc.o
EXTI15_10_IRQHandler                              src\startup_stm32l152xc.o
EXTI1_IRQHandler                                  src\startup_stm32l152xc.o
EXTI2_IRQHandler                                  src\startup_stm32l152xc.o
EXTI3_IRQHandler                                  src\startup_stm32l152xc.o
EXTI4_IRQHandler                                  src\startup_stm32l152xc.o
EXTI9_5_IRQHandler                                src\startup_stm32l152xc.o
FLASH_IRQHandler                                  src\startup_stm32l152xc.o
FLASH_PageErase                                   Drivers\STM32L1xx_HAL_Driver\Src\stm32l1xx_hal_flash_ex.o
                                                  Drivers\STM32L1xx_HAL_Driver\Src\stm32l1xx_hal_flash.o
FLASH_WaitForLastOperation                        Drivers\STM32L1xx_HAL_Driver\Src\stm32l1xx_hal_flash.o
                                                  Drivers\STM32L1xx_HAL_Driver\Src\stm32l1xx_hal_flash_ex.o
GPIO_PIN                                          Drivers\BSP\stm32l152c_discovery.o
GPIO_PORT                                         Drivers\BSP\stm32l152c_discovery.o
HAL_DBGMCU_DisableDBGSleepMode                    Drivers\STM32L1xx_HAL_Driver\Src\stm32l1xx_hal.o
HAL_DBGMCU_DisableDBGStandbyMode                  Drivers\STM32L1xx_HAL_Driver\Src\stm32l1xx_hal.o
HAL_DBGMCU_DisableDBGStopMode                     Drivers\STM32L1xx_HAL_Driver\Src\stm32l1xx_hal.o
HAL_DBGMCU_EnableDBGSleepMode                     Drivers\STM32L1xx_HAL_Driver\Src\stm32l1xx_hal.o
HAL_DBGMCU_EnableDBGStandbyMode                   Drivers\STM32L1xx_HAL_Driver\Src\stm32l1xx_hal.o
HAL_DBGMCU_EnableDBGStopMode                      Drivers\STM32L1xx_HAL_Driver\Src\stm32l1xx_hal.o
HAL_DMA_Abort                                     Drivers\STM32L1xx_HAL_Driver\Src\stm32l1xx_hal_dma.o
HAL_DMA_Abort_IT                                  Drivers\STM32L1xx_HAL_Driver\Src\stm32l1xx_hal_dma.o
                                                  Drivers\STM32L1xx_HAL_Driver\Src\stm32l1xx_hal_tim.o
HAL_DMA_DeInit                                    Drivers\STM32L1xx_HAL_Driver\Src\stm32l1xx_hal_dma.o
HAL_DMA_GetError                                  Drivers\STM32L1xx_HAL_Driver\Src\stm32l1xx_hal_dma.o
HAL_DMA_GetState                                  Drivers\STM32L1xx_HAL_Driver\Src\stm32l1xx_hal_dma.o
HAL_DMA_IRQHandler                                Drivers\STM32L1xx_HAL_Driver\Src\stm32l1xx_hal_dma.o
HAL_DMA_Init                                      Drivers\STM32L1xx_HAL_Driver\Src\stm32l1xx_hal_dma.o
HAL_DMA_PollForTransfer                           Drivers\STM32L1xx_HAL_Driver\Src\stm32l1xx_hal_dma.o
HAL_DMA_RegisterCallback                          Drivers\STM32L1xx_HAL_Driver\Src\stm32l1xx_hal_dma.o
HAL_DMA_Start                                     Drivers\STM32L1xx_HAL_Driver\Src\stm32l1xx_hal_dma.o
HAL_DMA_Start_IT                                  Drivers\STM32L1xx_HAL_Driver\Src\stm32l1xx_hal_dma.o
                                                  Drivers\STM32L1xx_HAL_Driver\Src\stm32l1xx_hal_tim.o
HAL_DMA_UnRegisterCallback                        Drivers\STM32L1xx_HAL_Driver\Src\stm32l1xx_hal_dma.o
HAL_DeInit                                        Drivers\STM32L1xx_HAL_Driver\Src\stm32l1xx_hal.o
HAL_Delay                                         Drivers\STM32L1xx_HAL_Driver\Src\stm32l1xx_hal.o
                                                  Drivers\BSP\stm32l152c_discovery_glass_lcd.o
HAL_FLASHEx_AdvOBGetConfig                        Drivers\STM32L1xx_HAL_Driver\Src\stm32l1xx_hal_flash_ex.o
HAL_FLASHEx_AdvOBProgram                          Drivers\STM32L1xx_HAL_Driver\Src\stm32l1xx_hal_flash_ex.o
HAL_FLASHEx_DATAEEPROM_DisableFixedTimeProgram    Drivers\STM32L1xx_HAL_Driver\Src\stm32l1xx_hal_flash_ex.o
HAL_FLASHEx_DATAEEPROM_EnableFixedTimeProgram     Drivers\STM32L1xx_HAL_Driver\Src\stm32l1xx_hal_flash_ex.o
HAL_FLASHEx_DATAEEPROM_Erase                      Drivers\STM32L1xx_HAL_Driver\Src\stm32l1xx_hal_flash_ex.o
HAL_FLASHEx_DATAEEPROM_EraseDoubleWord            Drivers\STM32L1xx_HAL_Driver\Src\stm32l1xx_hal_flash_ramfunc.o
HAL_FLASHEx_DATAEEPROM_Lock                       Drivers\STM32L1xx_HAL_Driver\Src\stm32l1xx_hal_flash_ex.o
HAL_FLASHEx_DATAEEPROM_Program                    Drivers\STM32L1xx_HAL_Driver\Src\stm32l1xx_hal_flash_ex.o
HAL_FLASHEx_DATAEEPROM_ProgramDoubleWord          Drivers\STM32L1xx_HAL_Driver\Src\stm32l1xx_hal_flash_ramfunc.o
HAL_FLASHEx_DATAEEPROM_Unlock                     Drivers\STM32L1xx_HAL_Driver\Src\stm32l1xx_hal_flash_ex.o
HAL_FLASHEx_DisableRunPowerDown                   Drivers\STM32L1xx_HAL_Driver\Src\stm32l1xx_hal_flash_ramfunc.o
HAL_FLASHEx_EnableRunPowerDown                    Drivers\STM32L1xx_HAL_Driver\Src\stm32l1xx_hal_flash_ramfunc.o
HAL_FLASHEx_Erase                                 Drivers\STM32L1xx_HAL_Driver\Src\stm32l1xx_hal_flash_ex.o
HAL_FLASHEx_Erase_IT                              Drivers\STM32L1xx_HAL_Driver\Src\stm32l1xx_hal_flash_ex.o
HAL_FLASHEx_GetError                              Drivers\STM32L1xx_HAL_Driver\Src\stm32l1xx_hal_flash_ramfunc.o
HAL_FLASHEx_HalfPageProgram                       Drivers\STM32L1xx_HAL_Driver\Src\stm32l1xx_hal_flash_ramfunc.o
HAL_FLASHEx_OBGetConfig                           Drivers\STM32L1xx_HAL_Driver\Src\stm32l1xx_hal_flash_ex.o
HAL_FLASHEx_OBProgram                             Drivers\STM32L1xx_HAL_Driver\Src\stm32l1xx_hal_flash_ex.o
HAL_FLASHEx_OB_DeSelectPCROP                      Drivers\STM32L1xx_HAL_Driver\Src\stm32l1xx_hal_flash_ex.o
HAL_FLASHEx_OB_SelectPCROP                        Drivers\STM32L1xx_HAL_Driver\Src\stm32l1xx_hal_flash_ex.o
HAL_FLASH_EndOfOperationCallback                  Drivers\STM32L1xx_HAL_Driver\Src\stm32l1xx_hal_flash.o
HAL_FLASH_GetError                                Drivers\STM32L1xx_HAL_Driver\Src\stm32l1xx_hal_flash.o
HAL_FLASH_IRQHandler                              Drivers\STM32L1xx_HAL_Driver\Src\stm32l1xx_hal_flash.o
HAL_FLASH_Lock                                    Drivers\STM32L1xx_HAL_Driver\Src\stm32l1xx_hal_flash.o
HAL_FLASH_OB_Launch                               Drivers\STM32L1xx_HAL_Driver\Src\stm32l1xx_hal_flash.o
HAL_FLASH_OB_Lock                                 Drivers\STM32L1xx_HAL_Driver\Src\stm32l1xx_hal_flash.o
HAL_FLASH_OB_Unlock                               Drivers\STM32L1xx_HAL_Driver\Src\stm32l1xx_hal_flash.o
HAL_FLASH_OperationErrorCallback                  Drivers\STM32L1xx_HAL_Driver\Src\stm32l1xx_hal_flash.o
HAL_FLASH_Program                                 Drivers\STM32L1xx_HAL_Driver\Src\stm32l1xx_hal_flash.o
HAL_FLASH_Program_IT                              Drivers\STM32L1xx_HAL_Driver\Src\stm32l1xx_hal_flash.o
HAL_FLASH_Unlock                                  Drivers\STM32L1xx_HAL_Driver\Src\stm32l1xx_hal_flash.o
HAL_GPIO_DeInit                                   Drivers\STM32L1xx_HAL_Driver\Src\stm32l1xx_hal_gpio.o
                                                  Drivers\BSP\stm32l152c_discovery_glass_lcd.o
HAL_GPIO_EXTI_Callback                            Drivers\STM32L1xx_HAL_Driver\Src\stm32l1xx_hal_gpio.o
HAL_GPIO_EXTI_IRQHandler                          Drivers\STM32L1xx_HAL_Driver\Src\stm32l1xx_hal_gpio.o
HAL_GPIO_Init                                     Drivers\STM32L1xx_HAL_Driver\Src\stm32l1xx_hal_gpio.o
                                                  Drivers\STM32L1xx_HAL_Driver\Src\stm32l1xx_hal_rcc.o
                                                  Drivers\BSP\stm32l152c_discovery_glass_lcd.o
                                                  Drivers\BSP\stm32l152c_discovery.o
HAL_GPIO_LockPin                                  Drivers\STM32L1xx_HAL_Driver\Src\stm32l1xx_hal_gpio.o
HAL_GPIO_ReadPin                                  Drivers\STM32L1xx_HAL_Driver\Src\stm32l1xx_hal_gpio.o
                                                  Drivers\BSP\stm32l152c_discovery.o
HAL_GPIO_TogglePin                                Drivers\STM32L1xx_HAL_Driver\Src\stm32l1xx_hal_gpio.o
                                                  Drivers\BSP\stm32l152c_discovery.o
HAL_GPIO_WritePin                                 Drivers\STM32L1xx_HAL_Driver\Src\stm32l1xx_hal_gpio.o
                                                  Drivers\BSP\stm32l152c_discovery.o
HAL_GetDEVID                                      Drivers\STM32L1xx_HAL_Driver\Src\stm32l1xx_hal.o
HAL_GetHalVersion                                 Drivers\STM32L1xx_HAL_Driver\Src\stm32l1xx_hal.o
HAL_GetREVID                                      Drivers\STM32L1xx_HAL_Driver\Src\stm32l1xx_hal.o
HAL_GetTick                                       Drivers\STM32L1xx_HAL_Driver\Src\stm32l1xx_hal.o
                                                  Drivers\STM32L1xx_HAL_Driver\Src\stm32l1xx_hal_rcc_ex.o
                                                  Drivers\STM32L1xx_HAL_Driver\Src\stm32l1xx_hal_rcc.o
                                                  Drivers\STM32L1xx_HAL_Driver\Src\stm32l1xx_hal_flash.o
                                                  Drivers\STM32L1xx_HAL_Driver\Src\stm32l1xx_hal_dma.o
HAL_GetTickFreq                                   Drivers\STM32L1xx_HAL_Driver\Src\stm32l1xx_hal.o
HAL_GetTickPrio                                   Drivers\STM32L1xx_HAL_Driver\Src\stm32l1xx_hal.o
HAL_GetUIDw0                                      Drivers\STM32L1xx_HAL_Driver\Src\stm32l1xx_hal.o
HAL_GetUIDw1                                      Drivers\STM32L1xx_HAL_Driver\Src\stm32l1xx_hal.o
HAL_GetUIDw2                                      Drivers\STM32L1xx_HAL_Driver\Src\stm32l1xx_hal.o
HAL_IncTick                                       Drivers\STM32L1xx_HAL_Driver\Src\stm32l1xx_hal.o
                                                  Drivers\STM32L1xx_HAL_Driver\Src\stm32l1xx_hal_timebase_tim_template.o
HAL_Init                                          Drivers\STM32L1xx_HAL_Driver\Src\stm32l1xx_hal.o
                                                  src\main.o
HAL_InitTick                                      Drivers\STM32L1xx_HAL_Driver\Src\stm32l1xx_hal_timebase_tim_template.o
                                                  Drivers\STM32L1xx_HAL_Driver\Src\stm32l1xx_hal.o
                                                  Drivers\STM32L1xx_HAL_Driver\Src\stm32l1xx_hal_rcc.o
HAL_LCD_Clear                                     Drivers\BSP\stm32l152c_discovery_glass_lcd.o
HAL_LCD_DeInit                                    Drivers\BSP\stm32l152c_discovery_glass_lcd.o
HAL_LCD_Init                                      Drivers\BSP\stm32l152c_discovery_glass_lcd.o
HAL_LCD_UpdateDisplayRequest                      Drivers\BSP\stm32l152c_discovery_glass_lcd.o
HAL_LCD_Write                                     Drivers\BSP\stm32l152c_discovery_glass_lcd.o
HAL_MPU_ConfigRegion                              Drivers\STM32L1xx_HAL_Driver\Src\stm32l1xx_hal_cortex.o
HAL_MPU_Disable                                   Drivers\STM32L1xx_HAL_Driver\Src\stm32l1xx_hal_cortex.o
HAL_MPU_Enable                                    Drivers\STM32L1xx_HAL_Driver\Src\stm32l1xx_hal_cortex.o
HAL_MspDeInit                                     Drivers\STM32L1xx_HAL_Driver\Src\stm32l1xx_hal_msp_template.o
                                                  Drivers\STM32L1xx_HAL_Driver\Src\stm32l1xx_hal.o
HAL_MspInit                                       Drivers\STM32L1xx_HAL_Driver\Src\stm32l1xx_hal_msp_template.o
                                                  Drivers\STM32L1xx_HAL_Driver\Src\stm32l1xx_hal.o
HAL_NVIC_ClearPendingIRQ                          Drivers\STM32L1xx_HAL_Driver\Src\stm32l1xx_hal_cortex.o
HAL_NVIC_DisableIRQ                               Drivers\STM32L1xx_HAL_Driver\Src\stm32l1xx_hal_cortex.o
HAL_NVIC_EnableIRQ                                Drivers\STM32L1xx_HAL_Driver\Src\stm32l1xx_hal_cortex.o
                                                  Drivers\STM32L1xx_HAL_Driver\Src\stm32l1xx_hal_timebase_tim_template.o
                                                  Drivers\BSP\stm32l152c_discovery.o
HAL_NVIC_GetActive                                Drivers\STM32L1xx_HAL_Driver\Src\stm32l1xx_hal_cortex.o
HAL_NVIC_GetPendingIRQ                            Drivers\STM32L1xx_HAL_Driver\Src\stm32l1xx_hal_cortex.o
HAL_NVIC_GetPriority                              Drivers\STM32L1xx_HAL_Driver\Src\stm32l1xx_hal_cortex.o
HAL_NVIC_GetPriorityGrouping                      Drivers\STM32L1xx_HAL_Driver\Src\stm32l1xx_hal_cortex.o
HAL_NVIC_SetPendingIRQ                            Drivers\STM32L1xx_HAL_Driver\Src\stm32l1xx_hal_cortex.o
HAL_NVIC_SetPriority                              Drivers\STM32L1xx_HAL_Driver\Src\stm32l1xx_hal_cortex.o
                                                  Drivers\STM32L1xx_HAL_Driver\Src\stm32l1xx_hal_timebase_tim_template.o
                                                  Drivers\STM32L1xx_HAL_Driver\Src\stm32l1xx_hal.o
                                                  Drivers\BSP\stm32l152c_discovery.o
HAL_NVIC_SetPriorityGrouping                      Drivers\STM32L1xx_HAL_Driver\Src\stm32l1xx_hal_cortex.o
                                                  Drivers\STM32L1xx_HAL_Driver\Src\stm32l1xx_hal.o
HAL_NVIC_SystemReset                              Drivers\STM32L1xx_HAL_Driver\Src\stm32l1xx_hal_cortex.o
HAL_PPP_MspDeInit                                 Drivers\STM32L1xx_HAL_Driver\Src\stm32l1xx_hal_msp_template.o
HAL_PPP_MspInit                                   Drivers\STM32L1xx_HAL_Driver\Src\stm32l1xx_hal_msp_template.o
HAL_PWREx_DisableFastWakeUp                       Drivers\STM32L1xx_HAL_Driver\Src\stm32l1xx_hal_pwr_ex.o
HAL_PWREx_DisableLowPowerRunMode                  Drivers\STM32L1xx_HAL_Driver\Src\stm32l1xx_hal_pwr_ex.o
HAL_PWREx_DisableUltraLowPower                    Drivers\STM32L1xx_HAL_Driver\Src\stm32l1xx_hal_pwr_ex.o
HAL_PWREx_EnableFastWakeUp                        Drivers\STM32L1xx_HAL_Driver\Src\stm32l1xx_hal_pwr_ex.o
HAL_PWREx_EnableLowPowerRunMode                   Drivers\STM32L1xx_HAL_Driver\Src\stm32l1xx_hal_pwr_ex.o
HAL_PWREx_EnableUltraLowPower                     Drivers\STM32L1xx_HAL_Driver\Src\stm32l1xx_hal_pwr_ex.o
HAL_PWREx_GetVoltageRange                         Drivers\STM32L1xx_HAL_Driver\Src\stm32l1xx_hal_pwr_ex.o
HAL_PWR_ConfigPVD                                 Drivers\STM32L1xx_HAL_Driver\Src\stm32l1xx_hal_pwr.o
HAL_PWR_DeInit                                    Drivers\STM32L1xx_HAL_Driver\Src\stm32l1xx_hal_pwr.o
HAL_PWR_DisableBkUpAccess                         Drivers\STM32L1xx_HAL_Driver\Src\stm32l1xx_hal_pwr.o
HAL_PWR_DisablePVD                                Drivers\STM32L1xx_HAL_Driver\Src\stm32l1xx_hal_pwr.o
HAL_PWR_DisableSEVOnPend                          Drivers\STM32L1xx_HAL_Driver\Src\stm32l1xx_hal_pwr.o
HAL_PWR_DisableSleepOnExit                        Drivers\STM32L1xx_HAL_Driver\Src\stm32l1xx_hal_pwr.o
HAL_PWR_DisableWakeUpPin                          Drivers\STM32L1xx_HAL_Driver\Src\stm32l1xx_hal_pwr.o
HAL_PWR_EnableBkUpAccess                          Drivers\STM32L1xx_HAL_Driver\Src\stm32l1xx_hal_pwr.o
HAL_PWR_EnablePVD                                 Drivers\STM32L1xx_HAL_Driver\Src\stm32l1xx_hal_pwr.o
HAL_PWR_EnableSEVOnPend                           Drivers\STM32L1xx_HAL_Driver\Src\stm32l1xx_hal_pwr.o
HAL_PWR_EnableSleepOnExit                         Drivers\STM32L1xx_HAL_Driver\Src\stm32l1xx_hal_pwr.o
HAL_PWR_EnableWakeUpPin                           Drivers\STM32L1xx_HAL_Driver\Src\stm32l1xx_hal_pwr.o
HAL_PWR_EnterSLEEPMode                            Drivers\STM32L1xx_HAL_Driver\Src\stm32l1xx_hal_pwr.o
HAL_PWR_EnterSTANDBYMode                          Drivers\STM32L1xx_HAL_Driver\Src\stm32l1xx_hal_pwr.o
HAL_PWR_EnterSTOPMode                             Drivers\STM32L1xx_HAL_Driver\Src\stm32l1xx_hal_pwr.o
HAL_PWR_PVDCallback                               Drivers\STM32L1xx_HAL_Driver\Src\stm32l1xx_hal_pwr.o
HAL_PWR_PVD_IRQHandler                            Drivers\STM32L1xx_HAL_Driver\Src\stm32l1xx_hal_pwr.o
HAL_RCCEx_DisableLSECSS                           Drivers\STM32L1xx_HAL_Driver\Src\stm32l1xx_hal_rcc_ex.o
HAL_RCCEx_EnableLSECSS                            Drivers\STM32L1xx_HAL_Driver\Src\stm32l1xx_hal_rcc_ex.o
HAL_RCCEx_EnableLSECSS_IT                         Drivers\STM32L1xx_HAL_Driver\Src\stm32l1xx_hal_rcc_ex.o
HAL_RCCEx_GetPeriphCLKConfig                      Drivers\STM32L1xx_HAL_Driver\Src\stm32l1xx_hal_rcc_ex.o
HAL_RCCEx_GetPeriphCLKFreq                        Drivers\STM32L1xx_HAL_Driver\Src\stm32l1xx_hal_rcc_ex.o
HAL_RCCEx_LSECSS_Callback                         Drivers\STM32L1xx_HAL_Driver\Src\stm32l1xx_hal_rcc_ex.o
HAL_RCCEx_LSECSS_IRQHandler                       Drivers\STM32L1xx_HAL_Driver\Src\stm32l1xx_hal_rcc_ex.o
HAL_RCCEx_PeriphCLKConfig                         Drivers\STM32L1xx_HAL_Driver\Src\stm32l1xx_hal_rcc_ex.o
                                                  Drivers\BSP\stm32l152c_discovery_glass_lcd.o
HAL_RCC_CSSCallback                               Drivers\STM32L1xx_HAL_Driver\Src\stm32l1xx_hal_rcc.o
HAL_RCC_ClockConfig                               Drivers\STM32L1xx_HAL_Driver\Src\stm32l1xx_hal_rcc.o
                                                  src\main.o
HAL_RCC_DeInit                                    Drivers\STM32L1xx_HAL_Driver\Src\stm32l1xx_hal_rcc.o
HAL_RCC_DisableCSS                                Drivers\STM32L1xx_HAL_Driver\Src\stm32l1xx_hal_rcc.o
HAL_RCC_EnableCSS                                 Drivers\STM32L1xx_HAL_Driver\Src\stm32l1xx_hal_rcc.o
HAL_RCC_GetClockConfig                            Drivers\STM32L1xx_HAL_Driver\Src\stm32l1xx_hal_rcc.o
                                                  Drivers\STM32L1xx_HAL_Driver\Src\stm32l1xx_hal_timebase_tim_template.o
HAL_RCC_GetHCLKFreq                               Drivers\STM32L1xx_HAL_Driver\Src\stm32l1xx_hal_rcc.o
HAL_RCC_GetOscConfig                              Drivers\STM32L1xx_HAL_Driver\Src\stm32l1xx_hal_rcc.o
HAL_RCC_GetPCLK1Freq                              Drivers\STM32L1xx_HAL_Driver\Src\stm32l1xx_hal_rcc.o
                                                  Drivers\STM32L1xx_HAL_Driver\Src\stm32l1xx_hal_timebase_tim_template.o
HAL_RCC_GetPCLK2Freq                              Drivers\STM32L1xx_HAL_Driver\Src\stm32l1xx_hal_rcc.o
HAL_RCC_GetSysClockFreq                           Drivers\STM32L1xx_HAL_Driver\Src\stm32l1xx_hal_rcc.o
HAL_RCC_MCOConfig                                 Drivers\STM32L1xx_HAL_Driver\Src\stm32l1xx_hal_rcc.o
HAL_RCC_NMI_IRQHandler                            Drivers\STM32L1xx_HAL_Driver\Src\stm32l1xx_hal_rcc.o
HAL_RCC_OscConfig                                 Drivers\STM32L1xx_HAL_Driver\Src\stm32l1xx_hal_rcc.o
                                                  src\main.o
                                                  Drivers\BSP\stm32l152c_discovery_glass_lcd.o
HAL_ResumeTick                                    Drivers\STM32L1xx_HAL_Driver\Src\stm32l1xx_hal_timebase_tim_template.o
                                                  Drivers\STM32L1xx_HAL_Driver\Src\stm32l1xx_hal.o
HAL_SYSTICK_CLKSourceConfig                       Drivers\STM32L1xx_HAL_Driver\Src\stm32l1xx_hal_cortex.o
HAL_SYSTICK_Callback                              Drivers\STM32L1xx_HAL_Driver\Src\stm32l1xx_hal_cortex.o
HAL_SYSTICK_Config                                Drivers\STM32L1xx_HAL_Driver\Src\stm32l1xx_hal_cortex.o
                                                  Drivers\STM32L1xx_HAL_Driver\Src\stm32l1xx_hal.o
HAL_SYSTICK_IRQHandler                            Drivers\STM32L1xx_HAL_Driver\Src\stm32l1xx_hal_cortex.o
HAL_SetTickFreq                                   Drivers\STM32L1xx_HAL_Driver\Src\stm32l1xx_hal.o
HAL_SuspendTick                                   Drivers\STM32L1xx_HAL_Driver\Src\stm32l1xx_hal_timebase_tim_template.o
                                                  Drivers\STM32L1xx_HAL_Driver\Src\stm32l1xx_hal.o
HAL_TIMEx_MasterConfigSynchronization             Drivers\STM32L1xx_HAL_Driver\Src\stm32l1xx_hal_tim_ex.o
HAL_TIMEx_RemapConfig                             Drivers\STM32L1xx_HAL_Driver\Src\stm32l1xx_hal_tim_ex.o
HAL_TIM_Base_DeInit                               Drivers\STM32L1xx_HAL_Driver\Src\stm32l1xx_hal_tim.o
HAL_TIM_Base_GetState                             Drivers\STM32L1xx_HAL_Driver\Src\stm32l1xx_hal_tim.o
HAL_TIM_Base_Init                                 Drivers\STM32L1xx_HAL_Driver\Src\stm32l1xx_hal_tim.o
                                                  Drivers\STM32L1xx_HAL_Driver\Src\stm32l1xx_hal_timebase_tim_template.o
HAL_TIM_Base_MspDeInit                            Drivers\STM32L1xx_HAL_Driver\Src\stm32l1xx_hal_tim.o
HAL_TIM_Base_MspInit                              Drivers\STM32L1xx_HAL_Driver\Src\stm32l1xx_hal_tim.o
HAL_TIM_Base_Start                                Drivers\STM32L1xx_HAL_Driver\Src\stm32l1xx_hal_tim.o
HAL_TIM_Base_Start_DMA                            Drivers\STM32L1xx_HAL_Driver\Src\stm32l1xx_hal_tim.o
HAL_TIM_Base_Start_IT                             Drivers\STM32L1xx_HAL_Driver\Src\stm32l1xx_hal_tim.o
                                                  Drivers\STM32L1xx_HAL_Driver\Src\stm32l1xx_hal_timebase_tim_template.o
HAL_TIM_Base_Stop                                 Drivers\STM32L1xx_HAL_Driver\Src\stm32l1xx_hal_tim.o
HAL_TIM_Base_Stop_DMA                             Drivers\STM32L1xx_HAL_Driver\Src\stm32l1xx_hal_tim.o
HAL_TIM_Base_Stop_IT                              Drivers\STM32L1xx_HAL_Driver\Src\stm32l1xx_hal_tim.o
HAL_TIM_ConfigClockSource                         Drivers\STM32L1xx_HAL_Driver\Src\stm32l1xx_hal_tim.o
HAL_TIM_ConfigOCrefClear                          Drivers\STM32L1xx_HAL_Driver\Src\stm32l1xx_hal_tim.o
HAL_TIM_ConfigTI1Input                            Drivers\STM32L1xx_HAL_Driver\Src\stm32l1xx_hal_tim.o
HAL_TIM_DMABurst_ReadStart                        Drivers\STM32L1xx_HAL_Driver\Src\stm32l1xx_hal_tim.o
HAL_TIM_DMABurst_ReadStop                         Drivers\STM32L1xx_HAL_Driver\Src\stm32l1xx_hal_tim.o
HAL_TIM_DMABurst_WriteStart                       Drivers\STM32L1xx_HAL_Driver\Src\stm32l1xx_hal_tim.o
HAL_TIM_DMABurst_WriteStop                        Drivers\STM32L1xx_HAL_Driver\Src\stm32l1xx_hal_tim.o
HAL_TIM_Encoder_DeInit                            Drivers\STM32L1xx_HAL_Driver\Src\stm32l1xx_hal_tim.o
HAL_TIM_Encoder_GetState                          Drivers\STM32L1xx_HAL_Driver\Src\stm32l1xx_hal_tim.o
HAL_TIM_Encoder_Init                              Drivers\STM32L1xx_HAL_Driver\Src\stm32l1xx_hal_tim.o
HAL_TIM_Encoder_MspDeInit                         Drivers\STM32L1xx_HAL_Driver\Src\stm32l1xx_hal_tim.o
HAL_TIM_Encoder_MspInit                           Drivers\STM32L1xx_HAL_Driver\Src\stm32l1xx_hal_tim.o
HAL_TIM_Encoder_Start                             Drivers\STM32L1xx_HAL_Driver\Src\stm32l1xx_hal_tim.o
HAL_TIM_Encoder_Start_DMA                         Drivers\STM32L1xx_HAL_Driver\Src\stm32l1xx_hal_tim.o
HAL_TIM_Encoder_Start_IT                          Drivers\STM32L1xx_HAL_Driver\Src\stm32l1xx_hal_tim.o
HAL_TIM_Encoder_Stop                              Drivers\STM32L1xx_HAL_Driver\Src\stm32l1xx_hal_tim.o
HAL_TIM_Encoder_Stop_DMA                          Drivers\STM32L1xx_HAL_Driver\Src\stm32l1xx_hal_tim.o
HAL_TIM_Encoder_Stop_IT                           Drivers\STM32L1xx_HAL_Driver\Src\stm32l1xx_hal_tim.o
HAL_TIM_ErrorCallback                             Drivers\STM32L1xx_HAL_Driver\Src\stm32l1xx_hal_tim.o
HAL_TIM_GenerateEvent                             Drivers\STM32L1xx_HAL_Driver\Src\stm32l1xx_hal_tim.o
HAL_TIM_IC_CaptureCallback                        Drivers\STM32L1xx_HAL_Driver\Src\stm32l1xx_hal_tim.o
HAL_TIM_IC_CaptureHalfCpltCallback                Drivers\STM32L1xx_HAL_Driver\Src\stm32l1xx_hal_tim.o
HAL_TIM_IC_ConfigChannel                          Drivers\STM32L1xx_HAL_Driver\Src\stm32l1xx_hal_tim.o
HAL_TIM_IC_DeInit                                 Drivers\STM32L1xx_HAL_Driver\Src\stm32l1xx_hal_tim.o
HAL_TIM_IC_GetState                               Drivers\STM32L1xx_HAL_Driver\Src\stm32l1xx_hal_tim.o
HAL_TIM_IC_Init                                   Drivers\STM32L1xx_HAL_Driver\Src\stm32l1xx_hal_tim.o
HAL_TIM_IC_MspDeInit                              Drivers\STM32L1xx_HAL_Driver\Src\stm32l1xx_hal_tim.o
HAL_TIM_IC_MspInit                                Drivers\STM32L1xx_HAL_Driver\Src\stm32l1xx_hal_tim.o
HAL_TIM_IC_Start                                  Drivers\STM32L1xx_HAL_Driver\Src\stm32l1xx_hal_tim.o
HAL_TIM_IC_Start_DMA                              Drivers\STM32L1xx_HAL_Driver\Src\stm32l1xx_hal_tim.o
HAL_TIM_IC_Start_IT                               Drivers\STM32L1xx_HAL_Driver\Src\stm32l1xx_hal_tim.o
HAL_TIM_IC_Stop                                   Drivers\STM32L1xx_HAL_Driver\Src\stm32l1xx_hal_tim.o
HAL_TIM_IC_Stop_DMA                               Drivers\STM32L1xx_HAL_Driver\Src\stm32l1xx_hal_tim.o
HAL_TIM_IC_Stop_IT                                Drivers\STM32L1xx_HAL_Driver\Src\stm32l1xx_hal_tim.o
HAL_TIM_IRQHandler                                Drivers\STM32L1xx_HAL_Driver\Src\stm32l1xx_hal_tim.o
                                                  Drivers\STM32L1xx_HAL_Driver\Src\stm32l1xx_hal_timebase_tim_template.o
HAL_TIM_OC_ConfigChannel                          Drivers\STM32L1xx_HAL_Driver\Src\stm32l1xx_hal_tim.o
HAL_TIM_OC_DeInit                                 Drivers\STM32L1xx_HAL_Driver\Src\stm32l1xx_hal_tim.o
HAL_TIM_OC_DelayElapsedCallback                   Drivers\STM32L1xx_HAL_Driver\Src\stm32l1xx_hal_tim.o
HAL_TIM_OC_GetState                               Drivers\STM32L1xx_HAL_Driver\Src\stm32l1xx_hal_tim.o
HAL_TIM_OC_Init                                   Drivers\STM32L1xx_HAL_Driver\Src\stm32l1xx_hal_tim.o
HAL_TIM_OC_MspDeInit                              Drivers\STM32L1xx_HAL_Driver\Src\stm32l1xx_hal_tim.o
HAL_TIM_OC_MspInit                                Drivers\STM32L1xx_HAL_Driver\Src\stm32l1xx_hal_tim.o
HAL_TIM_OC_Start                                  Drivers\STM32L1xx_HAL_Driver\Src\stm32l1xx_hal_tim.o
HAL_TIM_OC_Start_DMA                              Drivers\STM32L1xx_HAL_Driver\Src\stm32l1xx_hal_tim.o
HAL_TIM_OC_Start_IT                               Drivers\STM32L1xx_HAL_Driver\Src\stm32l1xx_hal_tim.o
HAL_TIM_OC_Stop                                   Drivers\STM32L1xx_HAL_Driver\Src\stm32l1xx_hal_tim.o
HAL_TIM_OC_Stop_DMA                               Drivers\STM32L1xx_HAL_Driver\Src\stm32l1xx_hal_tim.o
HAL_TIM_OC_Stop_IT                                Drivers\STM32L1xx_HAL_Driver\Src\stm32l1xx_hal_tim.o
HAL_TIM_OnePulse_ConfigChannel                    Drivers\STM32L1xx_HAL_Driver\Src\stm32l1xx_hal_tim.o
HAL_TIM_OnePulse_DeInit                           Drivers\STM32L1xx_HAL_Driver\Src\stm32l1xx_hal_tim.o
HAL_TIM_OnePulse_GetState                         Drivers\STM32L1xx_HAL_Driver\Src\stm32l1xx_hal_tim.o
HAL_TIM_OnePulse_Init                             Drivers\STM32L1xx_HAL_Driver\Src\stm32l1xx_hal_tim.o
HAL_TIM_OnePulse_MspDeInit                        Drivers\STM32L1xx_HAL_Driver\Src\stm32l1xx_hal_tim.o
HAL_TIM_OnePulse_MspInit                          Drivers\STM32L1xx_HAL_Driver\Src\stm32l1xx_hal_tim.o
HAL_TIM_OnePulse_Start                            Drivers\STM32L1xx_HAL_Driver\Src\stm32l1xx_hal_tim.o
HAL_TIM_OnePulse_Start_IT                         Drivers\STM32L1xx_HAL_Driver\Src\stm32l1xx_hal_tim.o
HAL_TIM_OnePulse_Stop                             Drivers\STM32L1xx_HAL_Driver\Src\stm32l1xx_hal_tim.o
HAL_TIM_OnePulse_Stop_IT                          Drivers\STM32L1xx_HAL_Driver\Src\stm32l1xx_hal_tim.o
HAL_TIM_PWM_ConfigChannel                         Drivers\STM32L1xx_HAL_Driver\Src\stm32l1xx_hal_tim.o
HAL_TIM_PWM_DeInit                                Drivers\STM32L1xx_HAL_Driver\Src\stm32l1xx_hal_tim.o
HAL_TIM_PWM_GetState                              Drivers\STM32L1xx_HAL_Driver\Src\stm32l1xx_hal_tim.o
HAL_TIM_PWM_Init                                  Drivers\STM32L1xx_HAL_Driver\Src\stm32l1xx_hal_tim.o
HAL_TIM_PWM_MspDeInit                             Drivers\STM32L1xx_HAL_Driver\Src\stm32l1xx_hal_tim.o
HAL_TIM_PWM_MspInit                               Drivers\STM32L1xx_HAL_Driver\Src\stm32l1xx_hal_tim.o
HAL_TIM_PWM_PulseFinishedCallback                 Drivers\STM32L1xx_HAL_Driver\Src\stm32l1xx_hal_tim.o
HAL_TIM_PWM_PulseFinishedHalfCpltCallback         Drivers\STM32L1xx_HAL_Driver\Src\stm32l1xx_hal_tim.o
HAL_TIM_PWM_Start                                 Drivers\STM32L1xx_HAL_Driver\Src\stm32l1xx_hal_tim.o
HAL_TIM_PWM_Start_DMA                             Drivers\STM32L1xx_HAL_Driver\Src\stm32l1xx_hal_tim.o
HAL_TIM_PWM_Start_IT                              Drivers\STM32L1xx_HAL_Driver\Src\stm32l1xx_hal_tim.o
HAL_TIM_PWM_Stop                                  Drivers\STM32L1xx_HAL_Driver\Src\stm32l1xx_hal_tim.o
HAL_TIM_PWM_Stop_DMA                              Drivers\STM32L1xx_HAL_Driver\Src\stm32l1xx_hal_tim.o
HAL_TIM_PWM_Stop_IT                               Drivers\STM32L1xx_HAL_Driver\Src\stm32l1xx_hal_tim.o
HAL_TIM_PeriodElapsedCallback                     Drivers\STM32L1xx_HAL_Driver\Src\stm32l1xx_hal_timebase_tim_template.o
                                                  Drivers\STM32L1xx_HAL_Driver\Src\stm32l1xx_hal_tim.o
HAL_TIM_PeriodElapsedHalfCpltCallback             Drivers\STM32L1xx_HAL_Driver\Src\stm32l1xx_hal_tim.o
HAL_TIM_ReadCapturedValue                         Drivers\STM32L1xx_HAL_Driver\Src\stm32l1xx_hal_tim.o
HAL_TIM_SlaveConfigSynchro                        Drivers\STM32L1xx_HAL_Driver\Src\stm32l1xx_hal_tim.o
HAL_TIM_SlaveConfigSynchro_IT                     Drivers\STM32L1xx_HAL_Driver\Src\stm32l1xx_hal_tim.o
HAL_TIM_TriggerCallback                           Drivers\STM32L1xx_HAL_Driver\Src\stm32l1xx_hal_tim.o
HAL_TIM_TriggerHalfCpltCallback                   Drivers\STM32L1xx_HAL_Driver\Src\stm32l1xx_hal_tim.o
HardFault_Handler                                 src\stm32l1xx_it.o
                                                  src\startup_stm32l152xc.o
I2C1_ER_IRQHandler                                src\startup_stm32l152xc.o
I2C1_EV_IRQHandler                                src\startup_stm32l152xc.o
I2C2_ER_IRQHandler                                src\startup_stm32l152xc.o
I2C2_EV_IRQHandler                                src\startup_stm32l152xc.o
LCDBar                                            Drivers\BSP\stm32l152c_discovery_glass_lcd.o
LCDHandle                                         Drivers\BSP\stm32l152c_discovery_glass_lcd.o
LCD_IRQHandler                                    src\startup_stm32l152xc.o
LCD_WaitForSynchro                                Drivers\BSP\stm32l152c_discovery_glass_lcd.o
LEDThread1Handle                                  src\main.o
LEDThread2Handle                                  src\main.o
LL_Init1msTick                                    Drivers\STM32L1xx_HAL_Driver\Src\stm32l1xx_ll_utils.o
LL_PLL_ConfigSystemClock_HSE                      Drivers\STM32L1xx_HAL_Driver\Src\stm32l1xx_ll_utils.o
LL_PLL_ConfigSystemClock_HSI                      Drivers\STM32L1xx_HAL_Driver\Src\stm32l1xx_ll_utils.o
LL_SetSystemCoreClock                             Drivers\STM32L1xx_HAL_Driver\Src\stm32l1xx_ll_utils.o
LL_mDelay                                         Drivers\STM32L1xx_HAL_Driver\Src\stm32l1xx_ll_utils.o
MemManage_Handler                                 src\stm32l1xx_it.o
                                                  src\startup_stm32l152xc.o
NMI_Handler                                       src\stm32l1xx_it.o
                                                  src\startup_stm32l152xc.o
NumberMap                                         Drivers\BSP\stm32l152c_discovery_glass_lcd.o
PLLMulTable                                       src\system_stm32l1xx.o
                                                  Drivers\STM32L1xx_HAL_Driver\Src\stm32l1xx_ll_utils.o
                                                  Drivers\STM32L1xx_HAL_Driver\Src\stm32l1xx_hal_rcc.o
PPP_IRQHandler                                    src\stm32l1xx_it.o
PVD_IRQHandler                                    src\startup_stm32l152xc.o
PendSV_Handler                                    FreeRTOS\portable\GCC\ARM_CM3\port.o
RCC_IRQHandler                                    src\startup_stm32l152xc.o
RTC_Alarm_IRQHandler                              src\startup_stm32l152xc.o
RTC_WKUP_IRQHandler                               src\startup_stm32l152xc.o
Reset_Handler                                     src\startup_stm32l152xc.o
SPI1_IRQHandler                                   src\startup_stm32l152xc.o
SPI2_IRQHandler                                   src\startup_stm32l152xc.o
SPI3_IRQHandler                                   src\startup_stm32l152xc.o
SVC_Handler                                       FreeRTOS\portable\GCC\ARM_CM3\port.o
SysTick_Handler                                   FreeRTOS\portable\GCC\ARM_CM3\port.o
                                                  src\cmsis_os.o
SystemClock_Config                                src\main.o
SystemCoreClock                                   src\system_stm32l1xx.o
                                                  FreeRTOS\portable\GCC\ARM_CM3\port.o
                                                  Drivers\STM32L1xx_HAL_Driver\Src\stm32l1xx_ll_utils.o
                                                  Drivers\STM32L1xx_HAL_Driver\Src\stm32l1xx_hal_rcc.o
                                                  Drivers\STM32L1xx_HAL_Driver\Src\stm32l1xx_hal.o
SystemCoreClockUpdate                             src\system_stm32l1xx.o
SystemInit                                        src\system_stm32l1xx.o
                                                  src\startup_stm32l152xc.o
TAMPER_STAMP_IRQHandler                           src\startup_stm32l152xc.o
TIM10_IRQHandler                                  src\startup_stm32l152xc.o
TIM11_IRQHandler                                  src\startup_stm32l152xc.o
TIM2_IRQHandler                                   src\startup_stm32l152xc.o
TIM3_IRQHandler                                   src\startup_stm32l152xc.o
TIM4_IRQHandler                                   src\startup_stm32l152xc.o
TIM5_IRQHandler                                   src\startup_stm32l152xc.o
TIM6_IRQHandler                                   Drivers\STM32L1xx_HAL_Driver\Src\stm32l1xx_hal_timebase_tim_template.o
TIM7_IRQHandler                                   src\startup_stm32l152xc.o
TIM9_IRQHandler                                   src\startup_stm32l152xc.o
TIM_DMACaptureCplt                                Drivers\STM32L1xx_HAL_Driver\Src\stm32l1xx_hal_tim.o
TIM_DMACaptureHalfCplt                            Drivers\STM32L1xx_HAL_Driver\Src\stm32l1xx_hal_tim.o
TIM_DMADelayPulseCplt                             Drivers\STM32L1xx_HAL_Driver\Src\stm32l1xx_hal_tim.o
TIM_DMADelayPulseHalfCplt                         Drivers\STM32L1xx_HAL_Driver\Src\stm32l1xx_hal_tim.o
TIM_DMAError                                      Drivers\STM32L1xx_HAL_Driver\Src\stm32l1xx_hal_tim.o
TimHandle                                         Drivers\STM32L1xx_HAL_Driver\Src\stm32l1xx_hal_timebase_tim_template.o
USART1_IRQHandler                                 src\startup_stm32l152xc.o
USART2_IRQHandler                                 src\startup_stm32l152xc.o
USART3_IRQHandler                                 src\startup_stm32l152xc.o
USB_FS_WKUP_IRQHandler                            src\startup_stm32l152xc.o
USB_HP_IRQHandler                                 src\startup_stm32l152xc.o
USB_LP_IRQHandler                                 src\startup_stm32l152xc.o
UsageFault_Handler                                src\stm32l1xx_it.o
                                                  src\startup_stm32l152xc.o
WWDG_IRQHandler                                   src\startup_stm32l152xc.o
_Min_Heap_Size                                    src\syscalls.o
__deregister_frame_info                           c:/program files (x86)/atollic/truestudio for stm32 9.3.0/armtools/bin/../lib/gcc/arm-atollic-eabi/6.3.1/armv7-m/crtbegin.o
__dso_handle                                      c:/program files (x86)/atollic/truestudio for stm32 9.3.0/armtools/bin/../lib/gcc/arm-atollic-eabi/6.3.1/armv7-m/crtbegin.o
__env                                             src\syscalls.o
__init_array_end                                  c:/program files (x86)/atollic/truestudio for stm32 9.3.0/armtools/bin/../lib/gcc/arm-atollic-eabi/6.3.1/../../../../arm-atollic-eabi/lib/armv7-m\libc.a(lib_a-init.o)
__init_array_start                                c:/program files (x86)/atollic/truestudio for stm32 9.3.0/armtools/bin/../lib/gcc/arm-atollic-eabi/6.3.1/../../../../arm-atollic-eabi/lib/armv7-m\libc.a(lib_a-init.o)
__libc_init_array                                 c:/program files (x86)/atollic/truestudio for stm32 9.3.0/armtools/bin/../lib/gcc/arm-atollic-eabi/6.3.1/../../../../arm-atollic-eabi/lib/armv7-m\libc.a(lib_a-init.o)
                                                  src\startup_stm32l152xc.o
__lock___arc4random_mutex                         c:/program files (x86)/atollic/truestudio for stm32 9.3.0/armtools/bin/../lib/gcc/arm-atollic-eabi/6.3.1/../../../../arm-atollic-eabi/lib/armv7-m\libc.a(lib_a-lock.o)
__lock___at_quick_exit_mutex                      c:/program files (x86)/atollic/truestudio for stm32 9.3.0/armtools/bin/../lib/gcc/arm-atollic-eabi/6.3.1/../../../../arm-atollic-eabi/lib/armv7-m\libc.a(lib_a-lock.o)
__lock___atexit_recursive_mutex                   c:/program files (x86)/atollic/truestudio for stm32 9.3.0/armtools/bin/../lib/gcc/arm-atollic-eabi/6.3.1/../../../../arm-atollic-eabi/lib/armv7-m\libc.a(lib_a-lock.o)
__lock___dd_hash_mutex                            c:/program files (x86)/atollic/truestudio for stm32 9.3.0/armtools/bin/../lib/gcc/arm-atollic-eabi/6.3.1/../../../../arm-atollic-eabi/lib/armv7-m\libc.a(lib_a-lock.o)
__lock___env_recursive_mutex                      c:/program files (x86)/atollic/truestudio for stm32 9.3.0/armtools/bin/../lib/gcc/arm-atollic-eabi/6.3.1/../../../../arm-atollic-eabi/lib/armv7-m\libc.a(lib_a-lock.o)
__lock___malloc_recursive_mutex                   c:/program files (x86)/atollic/truestudio for stm32 9.3.0/armtools/bin/../lib/gcc/arm-atollic-eabi/6.3.1/../../../../arm-atollic-eabi/lib/armv7-m\libc.a(lib_a-lock.o)
                                                  c:/program files (x86)/atollic/truestudio for stm32 9.3.0/armtools/bin/../lib/gcc/arm-atollic-eabi/6.3.1/../../../../arm-atollic-eabi/lib/armv7-m\libc.a(lib_a-mlock.o)
__lock___sfp_recursive_mutex                      c:/program files (x86)/atollic/truestudio for stm32 9.3.0/armtools/bin/../lib/gcc/arm-atollic-eabi/6.3.1/../../../../arm-atollic-eabi/lib/armv7-m\libc.a(lib_a-lock.o)
__lock___sinit_recursive_mutex                    c:/program files (x86)/atollic/truestudio for stm32 9.3.0/armtools/bin/../lib/gcc/arm-atollic-eabi/6.3.1/../../../../arm-atollic-eabi/lib/armv7-m\libc.a(lib_a-lock.o)
__lock___tz_mutex                                 c:/program files (x86)/atollic/truestudio for stm32 9.3.0/armtools/bin/../lib/gcc/arm-atollic-eabi/6.3.1/../../../../arm-atollic-eabi/lib/armv7-m\libc.a(lib_a-lock.o)
__malloc_av_                                      c:/program files (x86)/atollic/truestudio for stm32 9.3.0/armtools/bin/../lib/gcc/arm-atollic-eabi/6.3.1/../../../../arm-atollic-eabi/lib/armv7-m\libc.a(lib_a-mallocr.o)
                                                  c:/program files (x86)/atollic/truestudio for stm32 9.3.0/armtools/bin/../lib/gcc/arm-atollic-eabi/6.3.1/../../../../arm-atollic-eabi/lib/armv7-m\libc.a(lib_a-freer.o)
__malloc_current_mallinfo                         c:/program files (x86)/atollic/truestudio for stm32 9.3.0/armtools/bin/../lib/gcc/arm-atollic-eabi/6.3.1/../../../../arm-atollic-eabi/lib/armv7-m\libc.a(lib_a-mallocr.o)
                                                  c:/program files (x86)/atollic/truestudio for stm32 9.3.0/armtools/bin/../lib/gcc/arm-atollic-eabi/6.3.1/../../../../arm-atollic-eabi/lib/armv7-m\libc.a(lib_a-freer.o)
__malloc_lock                                     c:/program files (x86)/atollic/truestudio for stm32 9.3.0/armtools/bin/../lib/gcc/arm-atollic-eabi/6.3.1/../../../../arm-atollic-eabi/lib/armv7-m\libc.a(lib_a-mlock.o)
                                                  c:/program files (x86)/atollic/truestudio for stm32 9.3.0/armtools/bin/../lib/gcc/arm-atollic-eabi/6.3.1/../../../../arm-atollic-eabi/lib/armv7-m\libc.a(lib_a-mallocr.o)
                                                  c:/program files (x86)/atollic/truestudio for stm32 9.3.0/armtools/bin/../lib/gcc/arm-atollic-eabi/6.3.1/../../../../arm-atollic-eabi/lib/armv7-m\libc.a(lib_a-freer.o)
__malloc_max_sbrked_mem                           c:/program files (x86)/atollic/truestudio for stm32 9.3.0/armtools/bin/../lib/gcc/arm-atollic-eabi/6.3.1/../../../../arm-atollic-eabi/lib/armv7-m\libc.a(lib_a-mallocr.o)
__malloc_max_total_mem                            c:/program files (x86)/atollic/truestudio for stm32 9.3.0/armtools/bin/../lib/gcc/arm-atollic-eabi/6.3.1/../../../../arm-atollic-eabi/lib/armv7-m\libc.a(lib_a-mallocr.o)
__malloc_sbrk_base                                c:/program files (x86)/atollic/truestudio for stm32 9.3.0/armtools/bin/../lib/gcc/arm-atollic-eabi/6.3.1/../../../../arm-atollic-eabi/lib/armv7-m\libc.a(lib_a-mallocr.o)
                                                  c:/program files (x86)/atollic/truestudio for stm32 9.3.0/armtools/bin/../lib/gcc/arm-atollic-eabi/6.3.1/../../../../arm-atollic-eabi/lib/armv7-m\libc.a(lib_a-freer.o)